Component: ARM Compiler 5.06 update 7 (build 960) Tool: armlink [4d3601]

==============================================================================

Section Cross References

    startup_stm32f10x_md.o(STACK) refers (Special) to heapauxi.o(.text) for __use_two_region_memory
    startup_stm32f10x_md.o(HEAP) refers (Special) to heapauxi.o(.text) for __use_two_region_memory
    startup_stm32f10x_md.o(RESET) refers (Special) to heapauxi.o(.text) for __use_two_region_memory
    startup_stm32f10x_md.o(RESET) refers to startup_stm32f10x_md.o(STACK) for __initial_sp
    startup_stm32f10x_md.o(RESET) refers to startup_stm32f10x_md.o(.text) for Reset_Handler
    startup_stm32f10x_md.o(RESET) refers to stm32f10x_it.o(i.NMI_Handler) for NMI_Handler
    startup_stm32f10x_md.o(RESET) refers to stm32f10x_it.o(i.HardFault_Handler) for HardFault_Handler
    startup_stm32f10x_md.o(RESET) refers to stm32f10x_it.o(i.MemManage_Handler) for MemManage_Handler
    startup_stm32f10x_md.o(RESET) refers to stm32f10x_it.o(i.BusFault_Handler) for BusFault_Handler
    startup_stm32f10x_md.o(RESET) refers to stm32f10x_it.o(i.UsageFault_Handler) for UsageFault_Handler
    startup_stm32f10x_md.o(RESET) refers to stm32f10x_it.o(i.SVC_Handler) for SVC_Handler
    startup_stm32f10x_md.o(RESET) refers to stm32f10x_it.o(i.DebugMon_Handler) for DebugMon_Handler
    startup_stm32f10x_md.o(RESET) refers to stm32f10x_it.o(i.PendSV_Handler) for PendSV_Handler
    startup_stm32f10x_md.o(RESET) refers to stm32f10x_it.o(i.SysTick_Handler) for SysTick_Handler
    startup_stm32f10x_md.o(RESET) refers to bsp_uart.o(i.USART1_IRQHandler) for USART1_IRQHandler
    startup_stm32f10x_md.o(.text) refers (Special) to heapauxi.o(.text) for __use_two_region_memory
    startup_stm32f10x_md.o(.text) refers to system_stm32f10x.o(i.SystemInit) for SystemInit
    startup_stm32f10x_md.o(.text) refers to __main.o(!!!main) for __main
    startup_stm32f10x_md.o(.text) refers to startup_stm32f10x_md.o(HEAP) for Heap_Mem
    startup_stm32f10x_md.o(.text) refers to startup_stm32f10x_md.o(STACK) for Stack_Mem
    system_stm32f10x.o(i.SetSysClock) refers to system_stm32f10x.o(i.SetSysClockTo72) for SetSysClockTo72
    system_stm32f10x.o(i.SystemCoreClockUpdate) refers to system_stm32f10x.o(.data) for SystemCoreClock
    system_stm32f10x.o(i.SystemInit) refers to system_stm32f10x.o(i.SetSysClock) for SetSysClock
    stm32f10x_adc.o(i.ADC_DeInit) refers to stm32f10x_rcc.o(i.RCC_APB2PeriphResetCmd) for RCC_APB2PeriphResetCmd
    stm32f10x_bkp.o(i.BKP_DeInit) refers to stm32f10x_rcc.o(i.RCC_BackupResetCmd) for RCC_BackupResetCmd
    stm32f10x_can.o(i.CAN_DeInit) refers to stm32f10x_rcc.o(i.RCC_APB1PeriphResetCmd) for RCC_APB1PeriphResetCmd
    stm32f10x_can.o(i.CAN_GetITStatus) refers to stm32f10x_can.o(i.CheckITStatus) for CheckITStatus
    stm32f10x_cec.o(i.CEC_DeInit) refers to stm32f10x_rcc.o(i.RCC_APB1PeriphResetCmd) for RCC_APB1PeriphResetCmd
    stm32f10x_dac.o(i.DAC_DeInit) refers to stm32f10x_rcc.o(i.RCC_APB1PeriphResetCmd) for RCC_APB1PeriphResetCmd
    stm32f10x_flash.o(i.FLASH_EnableWriteProtection) refers to stm32f10x_flash.o(i.FLASH_WaitForLastOperation) for FLASH_WaitForLastOperation
    stm32f10x_flash.o(i.FLASH_EraseAllBank1Pages) refers to stm32f10x_flash.o(i.FLASH_WaitForLastBank1Operation) for FLASH_WaitForLastBank1Operation
    stm32f10x_flash.o(i.FLASH_EraseAllPages) refers to stm32f10x_flash.o(i.FLASH_WaitForLastOperation) for FLASH_WaitForLastOperation
    stm32f10x_flash.o(i.FLASH_EraseOptionBytes) refers to stm32f10x_flash.o(i.FLASH_GetReadOutProtectionStatus) for FLASH_GetReadOutProtectionStatus
    stm32f10x_flash.o(i.FLASH_EraseOptionBytes) refers to stm32f10x_flash.o(i.FLASH_WaitForLastOperation) for FLASH_WaitForLastOperation
    stm32f10x_flash.o(i.FLASH_ErasePage) refers to stm32f10x_flash.o(i.FLASH_WaitForLastOperation) for FLASH_WaitForLastOperation
    stm32f10x_flash.o(i.FLASH_ProgramHalfWord) refers to stm32f10x_flash.o(i.FLASH_WaitForLastOperation) for FLASH_WaitForLastOperation
    stm32f10x_flash.o(i.FLASH_ProgramOptionByteData) refers to stm32f10x_flash.o(i.FLASH_WaitForLastOperation) for FLASH_WaitForLastOperation
    stm32f10x_flash.o(i.FLASH_ProgramWord) refers to stm32f10x_flash.o(i.FLASH_WaitForLastOperation) for FLASH_WaitForLastOperation
    stm32f10x_flash.o(i.FLASH_ReadOutProtection) refers to stm32f10x_flash.o(i.FLASH_WaitForLastOperation) for FLASH_WaitForLastOperation
    stm32f10x_flash.o(i.FLASH_UserOptionByteConfig) refers to stm32f10x_flash.o(i.FLASH_WaitForLastOperation) for FLASH_WaitForLastOperation
    stm32f10x_flash.o(i.FLASH_WaitForLastBank1Operation) refers to stm32f10x_flash.o(i.FLASH_GetBank1Status) for FLASH_GetBank1Status
    stm32f10x_flash.o(i.FLASH_WaitForLastOperation) refers to stm32f10x_flash.o(i.FLASH_GetBank1Status) for FLASH_GetBank1Status
    stm32f10x_gpio.o(i.GPIO_AFIODeInit) refers to stm32f10x_rcc.o(i.RCC_APB2PeriphResetCmd) for RCC_APB2PeriphResetCmd
[...]
    .constdata                               0x08007c50   Section       38  _printf_fp_hex.o(.constdata)
    lc_hextab                                0x08007c50   Data          19  _printf_fp_hex.o(.constdata)
    uc_hextab                                0x08007c63   Data          19  _printf_fp_hex.o(.constdata)
    .constdata                               0x08007c78   Section      148  bigflt0.o(.constdata)
    tenpwrs_x                                0x08007c78   Data          60  bigflt0.o(.constdata)
    tenpwrs_i                                0x08007cb4   Data          64  bigflt0.o(.constdata)
    .conststring                             0x08007d0c   Section       77  inv_mpu.o(.conststring)
    locale$$data                             0x08007d7c   Section       28  lc_numeric_c.o(locale$$data)
    __lcnum_c_name                           0x08007d80   Data           2  lc_numeric_c.o(locale$$data)
    __lcnum_c_start                          0x08007d88   Data           0  lc_numeric_c.o(locale$$data)
    __lcnum_c_point                          0x08007d94   Data           0  lc_numeric_c.o(locale$$data)
    __lcnum_c_thousands                      0x08007d96   Data           0  lc_numeric_c.o(locale$$data)
    __lcnum_c_grouping                       0x08007d97   Data           0  lc_numeric_c.o(locale$$data)
    locale$$data                             0x08007d98   Section      272  lc_ctype_c.o(locale$$data)
    __lcnum_c_end                            0x08007d98   Data           0  lc_numeric_c.o(locale$$data)
    __lcctype_c_name                         0x08007d9c   Data           2  lc_ctype_c.o(locale$$data)
    __lcctype_c_start                        0x08007da4   Data           0  lc_ctype_c.o(locale$$data)
    __lcctype_c_end                          0x08007ea8   Data           0  lc_ctype_c.o(locale$$data)
    .data                                    0x20000000   Section       20  stm32f10x_rcc.o(.data)
    APBAHBPrescTable                         0x20000000   Data          16  stm32f10x_rcc.o(.data)
    ADCPrescTable                            0x20000010   Data           4  stm32f10x_rcc.o(.data)
    .data                                    0x20000014   Section        8  bsp_uart.o(.data)
    .data                                    0x2000001c   Section       53  inv_mpu.o(.data)
    st                                       0x2000001c   Data          44  inv_mpu.o(.data)
    gyro_orientation                         0x20000048   Data           9  inv_mpu.o(.data)
    .data                                    0x20000054   Section       16  main.o(.data)
    .bss                                     0x20000064   Section     1024  oled.o(.bss)
    .bss                                     0x20000464   Section     1024  bsp_uart.o(.bss)
    .bss                                     0x20000864   Section       16  inv_mpu_dmp_motion_driver.o(.bss)
    dmp                                      0x20000864   Data          16  inv_mpu_dmp_motion_driver.o(.bss)
    .bss                                     0x20000874   Section       96  libspace.o(.bss)
    HEAP                                     0x200008d8   Section      512  startup_stm32f10x_md.o(HEAP)
    Heap_Mem                                 0x200008d8   Data         512  startup_stm32f10x_md.o(HEAP)
    STACK                                    0x20000ad8   Section     1024  startup_stm32f10x_md.o(STACK)
    Stack_Mem                                0x20000ad8   Data        1024  startup_stm32f10x_md.o(STACK)
    __initial_sp                             0x20000ed8   Data           0  startup_stm32f10x_md.o(STACK)

    Global Symbols

    Symbol Name                              Value     Ov Type        Size  Object(Section)

    BuildAttributes$$THM_ISAv4$P$D$K$B$S$PE$A:L22UL41UL21$X:L11$S22US41US21$IEEE1$IW$USESV6$~STKCKD$USESV7$~SHL$OTIME$ROPI$IEEEX$EBA8$UX$STANDARDLIB$REQ8$PRES8$EABIv2 0x00000000   Number         0  anon$$obj.o ABSOLUTE
    __ARM_use_no_argv                        0x00000000   Number         0  main.o ABSOLUTE
    _printf_flags                            0x00000000   Number         0  printf_stubs.o ABSOLUTE
    _printf_return_value                     0x00000000   Number         0  printf_stubs.o ABSOLUTE
    _printf_sizespec                         0x00000000   Number         0  printf_stubs.o ABSOLUTE
    _printf_widthprec                        0x00000000   Number         0  printf_stubs.o ABSOLUTE
    __ARM_exceptions_init                     - Undefined Weak Reference
    __alloca_initialize                       - Undefined Weak Reference
    __arm_fini_                               - Undefined Weak Reference
    __arm_preinit_                            - Undefined Weak Reference
    __cpp_initialize__aeabi_                  - Undefined Weak Reference
    __cxa_finalize                            - Undefined Weak Reference
    __sigvec_lookup                           - Undefined Weak Reference
    _atexit_init                              - Undefined Weak Reference
    _call_atexit_fns                          - Undefined Weak Reference
    _clock_init                               - Undefined Weak Reference
    _fp_trap_init                             - Undefined Weak Reference
    _fp_trap_shutdown                         - Undefined Weak Reference
    _get_lc_collate                           - Undefined Weak Reference
    _get_lc_monetary                          - Undefined Weak Reference
    _get_lc_time                              - Undefined Weak Reference
    _getenv_init                              - Undefined Weak Reference
    _handle_redirection                       - Undefined Weak Reference
    _init_alloc                               - Undefined Weak Reference
    _init_user_alloc                          - Undefined Weak Reference
    _initio                                   - Undefined Weak Reference
    _mutex_acquire                            - Undefined Weak Reference
    _mutex_release                            - Undefined Weak Reference
    _printf_mbtowc                            - Undefined Weak Reference
    _printf_wc                                - Undefined Weak Reference
    _rand_init                                - Undefined Weak Reference
    _signal_finish                            - Undefined Weak Reference
    _signal_init                              - Undefined Weak Reference
    _terminate_alloc                          - Undefined Weak Reference
    _terminate_user_alloc                     - Undefined Weak Reference
    _terminateio                              - Undefined Weak Reference
    __Vectors_Size                           0x000000ec   Number         0  startup_stm32f10x_md.o ABSOLUTE
    __Vectors                                0x08000000   Data           4  startup_stm32f10x_md.o(RESET)
    __Vectors_End                            0x080000ec   Data           0  startup_stm32f10x_md.o(RESET)
    __main                                   0x080000ed   Thumb Code     8  __main.o(!!!main)
    __scatterload                            0x080000f5   Thumb Code     0  __scatter.o(!!!scatter)
    __scatterload_rt2                        0x080000f5   Thumb Code    44  __scatter.o(!!!scatter)
    __scatterload_rt2_thumb_only             0x080000f5   Thumb Code     0  __scatter.o(!!!scatter)
    __scatterload_null                       0x08000103   Thumb Code     0  __scatter.o(!!!scatter)
    __scatterload_copy                       0x08000129   Thumb Code    26  __scatter_copy.o(!!handler_copy)
    __scatterload_zeroinit                   0x08000145   Thumb Code    28  __scatter_zi.o(!!handler_zi)
    _printf_n                                0x08000161   Thumb Code     0  _printf_n.o(.ARM.Collect$$_printf_percent$$00000001)
    _printf_percent                          0x08000161   Thumb Code     0  _printf_percent.o(.ARM.Collect$$_printf_percent$$00000000)
    _printf_p                                0x08000167   Thumb Code     0  _printf_p.o(.ARM.Collect$$_printf_percent$$00000002)
    _printf_f                                0x0800016d   Thumb Code     0  _printf_f.o(.ARM.Collect$$_printf_percent$$00000003)
    _printf_e                                0x08000173   Thumb Code     0  _printf_e.o(.ARM.Collect$$_printf_percent$$00000004)
    _printf_g                                0x08000179   Thumb Code     0  _printf_g.o(.ARM.Collect$$_printf_percent$$00000005)
    _printf_a                                0x0800017f   Thumb Code     0  _printf_a.o(.ARM.Collect$$_printf_percent$$00000006)
    _printf_ll                               0x08000185   Thumb Code     0  _printf_ll.o(.ARM.Collect$$_printf_percent$$00000007)
    _printf_i                                0x0800018f   Thumb Code     0  _printf_i.o(.ARM.Collect$$_printf_percent$$00000008)
    _printf_d                                0x08000195   Thumb Code     0  _printf_d.o(.ARM.Collect$$_printf_percent$$00000009)
    _printf_u                                0x0800019b   Thumb Code     0  _printf_u.o(.ARM.Collect$$_printf_percent$$0000000A)
    _printf_o                                0x080001a1   Thumb Code     0  _printf_o.o(.ARM.Collect$$_printf_percent$$0000000B)
    _printf_x                                0x080001a7   Thumb Code     0  _printf_x.o(.ARM.Collect$$_printf_percent$$0000000C)
    _printf_lli                              0x080001ad   Thumb Code     0  _printf_lli.o(.ARM.Collect$$_printf_percent$$0000000D)
    _printf_lld                              0x080001b3   Thumb Code     0  _printf_lld.o(.ARM.Collect$$_printf_percent$$0000000E)
    _printf_llu                              0x080001b9   Thumb Code     0  _printf_llu.o(.ARM.Collect$$_printf_percent$$0000000F)
    _printf_llo                              0x080001bf   Thumb Code     0  _printf_llo.o(.ARM.Collect$$_printf_percent$$00000010)
    _printf_llx                              0x080001c5   Thumb Code     0  _printf_llx.o(.ARM.Collect$$_printf_percent$$00000011)
    _printf_l                                0x080001cb   Thumb Code     0  _printf_l.o(.ARM.Collect$$_printf_percent$$00000012)
    _printf_c                                0x080001d5   Thumb Code     0  _printf_c.o(.ARM.Collect$$_printf_percent$$00000013)
    _printf_s                                0x080001db   Thumb Code     0  _printf_s.o(.ARM.Collect$$_printf_percent$$00000014)
    _printf_lc                               0x080001e1   Thumb Code     0  _printf_lc.o(.ARM.Collect$$_printf_percent$$00000015)
    _printf_ls                               0x080001e7   Thumb Code     0  _printf_ls.o(.ARM.Collect$$_printf_percent$$00000016)
    _printf_percent_end                      0x080001ed   Thumb Code     0  _printf_percent_end.o(.ARM.Collect$$_printf_percent$$00000017)
    __rt_lib_init                            0x080001f1   Thumb Code     0  libinit.o(.ARM.Collect$$libinit$$00000000)
    __rt_lib_init_fp_1                       0x080001f3   Thumb Code     0  libinit2.o(.ARM.Collect$$libinit$$00000002)
    __rt_lib_init_heap_1                     0x080001f3   Thumb Code     0  libinit2.o(.ARM.Collect$$libinit$$0000000A)
    __rt_lib_init_lc_common                  0x080001f3   Thumb Code     0  libinit2.o(.ARM.Collect$$libinit$$0000000F)
    __rt_lib_init_preinit_1                  0x080001f3   Thumb Code     0  libinit2.o(.ARM.Collect$$libinit$$00000004)
    __rt_lib_init_rand_1                     0x080001f3   Thumb Code     0  libinit2.o(.ARM.Collect$$libinit$$0000000E)
    __rt_lib_init_user_alloc_1               0x080001f3   Thumb Code     0  libinit2.o(.ARM.Collect$$libinit$$0000000C)
    __rt_lib_init_lc_collate_1               0x080001f9   Thumb Code     0  libinit2.o(.ARM.Collect$$libinit$$00000011)
    __rt_lib_init_lc_ctype_2                 0x080001f9   Thumb Code     0  libinit2.o(.ARM.Collect$$libinit$$00000012)
    __rt_lib_init_lc_ctype_1                 0x08000205   Thumb Code     0  libinit2.o(.ARM.Collect$$libinit$$00000013)
    __rt_lib_init_lc_monetary_1              0x08000205   Thumb Code     0  libinit2.o(.ARM.Collect$$libinit$$00000015)
    __rt_lib_init_lc_numeric_2               0x08000205   Thumb Code     0  libinit2.o(.ARM.Collect$$libinit$$00000016)
    __rt_lib_init_alloca_1                   0x0800020f   Thumb Code     0  libinit2.o(.ARM.Collect$$libinit$$0000002E)
    __rt_lib_init_argv_1                     0x0800020f   Thumb Code     0  libinit2.o(.ARM.Collect$$libinit$$0000002C)
    __rt_lib_init_atexit_1                   0x0800020f   Thumb Code     0  libinit2.o(.ARM.Collect$$libinit$$0000001B)
    __rt_lib_init_clock_1                    0x0800020f   Thumb Code     0  libinit2.o(.ARM.Collect$$libinit$$00000021)
    __rt_lib_init_cpp_1                      0x0800020f   Thumb Code     0  libinit2.o(.ARM.Collect$$libinit$$00000032)
    __rt_lib_init_exceptions_1               0x0800020f   Thumb Code     0  libinit2.o(.ARM.Collect$$libinit$$00000030)
    __rt_lib_init_fp_trap_1                  0x0800020f   Thumb Code     0  libinit2.o(.ARM.Collect$$libinit$$0000001F)
    __rt_lib_init_getenv_1                   0x0800020f   Thumb Code     0  libinit2.o(.ARM.Collect$$libinit$$00000023)
    __rt_lib_init_lc_numeric_1               0x0800020f   Thumb Code     0  libinit2.o(.ARM.Collect$$libinit$$00000017)
    __rt_lib_init_lc_time_1                  0x0800020f   Thumb Code     0  libinit2.o(.ARM.Collect$$libinit$$00000019)
    __rt_lib_init_return                     0x0800020f   Thumb Code     0  libinit2.o(.ARM.Collect$$libinit$$00000033)
    __rt_lib_init_signal_1                   0x0800020f   Thumb Code     0  libinit2.o(.ARM.Collect$$libinit$$0000001D)
    __rt_lib_init_stdio_1                    0x0800020f   Thumb Code     0  libinit2.o(.ARM.Collect$$libinit$$00000025)
    __rt_lib_shutdown                        0x08000211   Thumb Code     0  libshutdown.o(.ARM.Collect$$libshutdown$$00000000)
    __rt_lib_shutdown_cpp_1                  0x08000213   Thumb Code     0  libshutdown2.o(.ARM.Collect$$libshutdown$$00000004)
    __rt_lib_shutdown_fini_1                 0x08000213   Thumb Code     0  libshutdown2.o(.ARM.Collect$$libshutdown$$00000002)
    __rt_lib_shutdown_fp_trap_1              0x08000213   Thumb Code     0  libshutdown2.o(.ARM.Collect$$libshutdown$$00000009)
    __rt_lib_shutdown_heap_1                 0x08000213   Thumb Code     0  libshutdown2.o(.ARM.Collect$$libshutdown$$00000011)
    __rt_lib_shutdown_return                 0x08000213   Thumb Code     0  libshutdown2.o(.ARM.Collect$$libshutdown$$00000012)
    __rt_lib_shutdown_signal_1               0x08000213   Thumb Code     0  libshutdown2.o(.ARM.Collect$$libshutdown$$0000000C)
    __rt_lib_shutdown_stdio_1                0x08000213   Thumb Code     0  libshutdown2.o(.ARM.Collect$$libshutdown$$00000006)
    __rt_lib_shutdown_user_alloc_1           0x08000213   Thumb Code     0  libshutdown2.o(.ARM.Collect$$libshutdown$$0000000E)
    __rt_entry                               0x08000215   Thumb Code     0  __rtentry.o(.ARM.Collect$$rtentry$$00000000)
    __rt_entry_presh_1                       0x08000215   Thumb Code     0  __rtentry2.o(.ARM.Collect$$rtentry$$00000002)
    __rt_entry_sh                            0x08000215   Thumb Code     0  __rtentry4.o(.ARM.Collect$$rtentry$$00000004)
    __rt_entry_li                            0x0800021b   Thumb Code     0  __rtentry2.o(.ARM.Collect$$rtentry$$0000000A)
    __rt_entry_postsh_1                      0x0800021b   Thumb Code     0  __rtentry2.o(.ARM.Collect$$rtentry$$00000009)
    __rt_entry_main                          0x0800021f   Thumb Code     0  __rtentry2.o(.ARM.Collect$$rtentry$$0000000D)
    __rt_entry_postli_1                      0x0800021f   Thumb Code     0  __rtentry2.o(.ARM.Collect$$rtentry$$0000000C)
    __rt_exit                                0x08000227   Thumb Code     0  rtexit.o(.ARM.Collect$$rtexit$$00000000)
    __rt_exit_ls                             0x08000229   Thumb Code     0  rtexit2.o(.ARM.Collect$$rtexit$$00000003)
    __rt_exit_prels_1                        0x08000229   Thumb Code     0  rtexit2.o(.ARM.Collect$$rtexit$$00000002)
    __rt_exit_exit                           0x0800022d   Thumb Code     0  rtexit2.o(.ARM.Collect$$rtexit$$00000004)
    Reset_Handler                            0x08000235   Thumb Code     8  startup_stm32f10x_md.o(.text)
    ADC1_2_IRQHandler                        0x0800024f   Thumb Code     0  startup_stm32f10x_md.o(.text)
    CAN1_RX1_IRQHandler                      0x0800024f   Thumb Code     0  startup_stm32f10x_md.o(.text)
    CAN1_SCE_IRQHandler                      0x0800024f   Thumb Code     0  startup_stm32f10x_md.o(.text)
    DMA1_Channel1_IRQHandler                 0x0800024f   Thumb Code     0  startup_stm32f10x_md.o(.text)
    DMA1_Channel2_IRQHandler                 0x0800024f   Thumb Code     0  startup_stm32f10x_md.o(.text)
    DMA1_Channel3_IRQHandler                 0x0800024f   Thumb Code     0  startup_stm32f10x_md.o(.text)
    DMA1_Channel4_IRQHandler                 0x0800024f   Thumb Code     0  startup_stm32f10x_md.o(.text)
    DMA1_Channel5_IRQHandler                 0x0800024f   Thumb Code     0  startup_stm32f10x_md.o(.text)
    DMA1_Channel6_IRQHandler                 0x0800024f   Thumb Code     0  startup_stm32f10x_md.o(.text)
    DMA1_Channel7_IRQHandler                 0x0800024f   Thumb Code     0  startup_stm32f10x_md.o(.text)
    EXTI0_IRQHandler                         0x0800024f   Thumb Code     0  startup_stm32f10x_md.o(.text)
    EXTI15_10_IRQHandler                     0x0800024f   Thumb Code     0  startup_stm32f10x_md.o(.text)
    EXTI1_IRQHandler                         0x0800024f   Thumb Code     0  startup_stm32f10x_md.o(.text)
    EXTI2_IRQHandler                         0x0800024f   Thumb Code     0  startup_stm32f10x_md.o(.text)
    EXTI3_IRQHandler                         0x0800024f   Thumb Code     0  startup_stm32f10x_md.o(.text)
    EXTI4_IRQHandler                         0x0800024f   Thumb Code     0  startup_stm32f10x_md.o(.text)
    EXTI9_5_IRQHandler                       0x0800024f   Thumb Code     0  startup_stm32f10x_md.o(.text)
    FLASH_IRQHandler                         0x0800024f   Thumb Code     0  startup_stm32f10x_md.o(.text)
    I2C1_ER_IRQHandler                       0x0800024f   Thumb Code     0  startup_stm32f10x_md.o(.text)
    I2C1_EV_IRQHandler                       0x0800024f   Thumb Code     0  startup_stm32f10x_md.o(.text)
    I2C2_ER_IRQHandler                       0x0800024f   Thumb Code     0  startup_stm32f10x_md.o(.text)
    I2C2_EV_IRQHandler                       0x0800024f   Thumb Code     0  startup_stm32f10x_md.o(.text)
    PVD_IRQHandler                           0x0800024f   Thumb Code     0  startup_stm32f10x_md.o(.text)
    RCC_IRQHandler                           0x0800024f   Thumb Code     0  startup_stm32f10x_md.o(.text)
    RTCAlarm_IRQHandler                      0x0800024f   Thumb Code     0  startup_stm32f10x_md.o(.text)
    RTC_IRQHandler                           0x0800024f   Thumb Code     0  startup_stm32f10x_md.o(.text)
    SPI1_IRQHandler                          0x0800024f   Thumb Code     0  startup_stm32f10x_md.o(.text)
    SPI2_IRQHandler                          0x0800024f   Thumb Code     0  startup_stm32f10x_md.o(.text)
    TAMPER_IRQHandler                        0x0800024f   Thumb Code     0  startup_stm32f10x_md.o(.text)
    TIM1_BRK_IRQHandler                      0x0800024f   Thumb Code     0  startup_stm32f10x_md.o(.text)
    TIM1_CC_IRQHandler                       0x0800024f   Thumb Code     0  startup_stm32f10x_md.o(.text)
    TIM1_TRG_COM_IRQHandler                  0x0800024f   Thumb Code     0  startup_stm32f10x_md.o(.text)
    TIM1_UP_IRQHandler                       0x0800024f   Thumb Code     0  startup_stm32f10x_md.o(.text)
    TIM2_IRQHandler                          0x0800024f   Thumb Code     0  startup_stm32f10x_md.o(.text)
    TIM3_IRQHandler                          0x0800024f   Thumb Code     0  startup_stm32f10x_md.o(.text)
    TIM4_IRQHandler                          0x0800024f   Thumb Code     0  startup_stm32f10x_md.o(.text)
    USART2_IRQHandler                        0x0800024f   Thumb Code     0  startup_stm32f10x_md.o(.text)
    USART3_IRQHandler                        0x0800024f   Thumb Code     0  startup_stm32f10x_md.o(.text)
    USBWakeUp_IRQHandler                     0x0800024f   Thumb Code     0  startup_stm32f10x_md.o(.text)
    USB_HP_CAN1_TX_IRQHandler                0x0800024f   Thumb Code     0  startup_stm32f10x_md.o(.text)
    USB_LP_CAN1_RX0_IRQHandler               0x0800024f   Thumb Code     0  startup_stm32f10x_md.o(.text)
    WWDG_IRQHandler                          0x0800024f   Thumb Code     0  startup_stm32f10x_md.o(.text)
    __user_initial_stackheap                 0x08000251   Thumb Code     0  startup_stm32f10x_md.o(.text)
    vsprintf                                 0x08000275   Thumb Code    32  vsprintf.o(.text)
    __2printf                                0x08000299   Thumb Code    20  __2printf.o(.text)
    _printf_pre_padding                      0x080002b1   Thumb Code    44  _printf_pad.o(.text)
    _printf_post_padding                     0x080002dd   Thumb Code    34  _printf_pad.o(.text)
    _printf_int_dec                          0x08000301   Thumb Code   104  _printf_dec.o(.text)
    _printf_longlong_hex                     0x08000379   Thumb Code    86  _printf_hex_int_ll_ptr.o(.text)
    _printf_int_hex                          0x080003cf   Thumb Code    28  _printf_hex_int_ll_ptr.o(.text)
    _printf_ll_hex                           0x080003eb   Thumb Code    12  _printf_hex_int_ll_ptr.o(.text)
    _printf_hex_ptr                          0x080003f7   Thumb Code    18  _printf_hex_int_ll_ptr.o(.text)
    __printf                                 0x0800040d   Thumb Code   388  __printf_flags_ss_wp.o(.text)
    memcmp                                   0x08000595   Thumb Code    88  memcmp.o(.text)
    __aeabi_memset                           0x080005ed   Thumb Code    16  aeabi_memset.o(.text)
    strcmp                                   0x080005fd   Thumb Code   128  strcmpv7m.o(.text)
    __use_two_region_memory                  0x0800067d   Thumb Code     2  heapauxi.o(.text)
    __rt_heap_escrow$2region                 0x0800067f   Thumb Code     2  heapauxi.o(.text)
    __rt_heap_expand$2region                 0x08000681   Thumb Code     2  heapauxi.o(.text)
    __read_errno                             0x08000683   Thumb Code    10  _rserrno.o(.text)
    __set_errno                              0x0800068d   Thumb Code    12  _rserrno.o(.text)
    _printf_truncate_signed                  0x08000699   Thumb Code    18  _printf_truncate.o(.text)
    _printf_truncate_unsigned                0x080006ab   Thumb Code    18  _printf_truncate.o(.text)
    _printf_str                              0x080006bd   Thumb Code    82  _printf_str.o(.text)
    _printf_int_common                       0x0800070f   Thumb Code   178  _printf_intcommon.o(.text)
    _printf_charcount                        0x080007c1   Thumb Code    40  _printf_charcount.o(.text)
    __lib_sel_fp_printf                      0x080007e9   Thumb Code     2  _printf_fp_dec.o(.text)
    _printf_fp_dec_real                      0x0800099b   Thumb Code   620  _printf_fp_dec.o(.text)
    _printf_char_common                      0x08000c13   Thumb Code    32  _printf_char_common.o(.text)
    _sputc                                   0x08000c39   Thumb Code    10  _sputc.o(.text)
    _printf_char_file                        0x08000c45   Thumb Code    32  _printf_char_file.o(.text)
    _printf_wctomb                           0x08000c69   Thumb Code   182  _printf_wctomb.o(.text)
    _printf_longlong_dec                     0x08000d25   Thumb Code   108  _printf_longlong_dec.o(.text)
    _printf_longlong_oct                     0x08000da1   Thumb Code    66  _printf_oct_int_ll.o(.text)
    _printf_int_oct                          0x08000de3   Thumb Code    24  _printf_oct_int_ll.o(.text)
    _printf_ll_oct                           0x08000dfb   Thumb Code    12  _printf_oct_int_ll.o(.text)
    __aeabi_memclr                           0x08000e11   Thumb Code     0  rt_memclr.o(.text)
    __rt_memclr                              0x08000e11   Thumb Code    68  rt_memclr.o(.text)
    _memset                                  0x08000e15   Thumb Code     0  rt_memclr.o(.text)
    __rt_locale                              0x08000e55   Thumb Code     8  rt_locale_intlibspace.o(.text)
    __aeabi_errno_addr                       0x08000e5d   Thumb Code     8  rt_errno_addr_intlibspace.o(.text)
    __errno$intlibspace                      0x08000e5d   Thumb Code     0  rt_errno_addr_intlibspace.o(.text)
    __rt_errno_addr$intlibspace              0x08000e5d   Thumb Code     0  rt_errno_addr_intlibspace.o(.text)
    _ll_udiv10                               0x08000e65   Thumb Code   138  lludiv10.o(.text)
    _printf_fp_hex_real                      0x08000ef1   Thumb Code   756  _printf_fp_hex.o(.text)
    _printf_fp_infnan                        0x080011ed   Thumb Code   112  _printf_fp_infnan.o(.text)
    _printf_cs_common                        0x0800126d   Thumb Code    20  _printf_char.o(.text)
    _printf_char                             0x08001281   Thumb Code    16  _printf_char.o(.text)
    _printf_string                           0x08001291   Thumb Code     8  _printf_char.o(.text)
    _printf_lcs_common                       0x08001299   Thumb Code    20  _printf_wchar.o(.text)
    _printf_wchar                            0x080012ad   Thumb Code    16  _printf_wchar.o(.text)
    _printf_wstring                          0x080012bd   Thumb Code     8  _printf_wchar.o(.text)
    _btod_etento                             0x080012c5   Thumb Code   224  bigflt0.o(.text)
    ferror                                   0x080013a9   Thumb Code     8  ferror.o(.text)
    _wcrtomb                                 0x080013b1   Thumb Code    64  _wcrtomb.o(.text)
    __aeabi_memclr4                          0x080013f1   Thumb Code     0  rt_memclr_w.o(.text)
    __aeabi_memclr8                          0x080013f1   Thumb Code     0  rt_memclr_w.o(.text)
    __rt_memclr_w                            0x080013f1   Thumb Code    78  rt_memclr_w.o(.text)
    _memset_w                                0x080013f5   Thumb Code     0  rt_memclr_w.o(.text)
    __user_libspace                          0x08001441   Thumb Code     8  libspace.o(.text)
    __user_perproc_libspace                  0x08001441   Thumb Code     0  libspace.o(.text)
    __user_perthread_libspace                0x08001441   Thumb Code     0  libspace.o(.text)
    __user_setup_stackheap                   0x08001449   Thumb Code    74  sys_stackheap_outer.o(.text)
    __rt_ctype_table                         0x08001495   Thumb Code    16  rt_ctype_table.o(.text)
    exit                                     0x080014a5   Thumb Code    18  exit.o(.text)
    _btod_d2e                                0x080014b7   Thumb Code    62  btod.o(CL$$btod_d2e)
    _d2e_denorm_low                          0x080014f5   Thumb Code    70  btod.o(CL$$btod_d2e_denorm_low)
    _d2e_norm_op1                            0x0800153b   Thumb Code    96  btod.o(CL$$btod_d2e_norm_op1)
    __btod_div_common                        0x0800159b   Thumb Code   696  btod.o(CL$$btod_div_common)
    _e2e                                     0x080018d3   Thumb Code   220  btod.o(CL$$btod_e2e)
    _btod_ediv                               0x080019af   Thumb Code    42  btod.o(CL$$btod_ediv)
    _btod_emul                               0x080019d9   Thumb Code    42  btod.o(CL$$btod_emul)
    __btod_mult_common                       0x08001a03   Thumb Code   580  btod.o(CL$$btod_mult_common)
    BusFault_Handler                         0x08001c47   Thumb Code     4  stm32f10x_it.o(i.BusFault_Handler)
    DebugMon_Handler                         0x08001c4b   Thumb Code     2  stm32f10x_it.o(i.DebugMon_Handler)
    Delay_ms                                 0x08001c4d   Thumb Code    24  delay.o(i.Delay_ms)
    Delay_us                                 0x08001c65   Thumb Code    46  delay.o(i.Delay_us)
    GPIO_Init                                0x08001c93   Thumb Code   278  stm32f10x_gpio.o(i.GPIO_Init)
    GPIO_ReadInputDataBit                    0x08001da9   Thumb Code    18  stm32f10x_gpio.o(i.GPIO_ReadInputDataBit)
    GPIO_StructInit                          0x08001dbb   Thumb Code    16  stm32f10x_gpio.o(i.GPIO_StructInit)
    GPIO_WriteBit                            0x08001dcb   Thumb Code    10  stm32f10x_gpio.o(i.GPIO_WriteBit)
    HardFault_Handler                        0x08001dd5   Thumb Code     4  stm32f10x_it.o(i.HardFault_Handler)
    I2C_WaitAck                              0x08001dd9   Thumb Code   148  bsp_mpu6050.o(i.I2C_WaitAck)
    IIC_Send_Ack                             0x08001e71   Thumb Code   128  bsp_mpu6050.o(i.IIC_Send_Ack)
    IIC_Start                                0x08001ef5   Thumb Code   100  bsp_mpu6050.o(i.IIC_Start)
    IIC_Stop                                 0x08001f5d   Thumb Code    88  bsp_mpu6050.o(i.IIC_Stop)
    MPU6050ReadID                            0x08001fb9   Thumb Code    60  bsp_mpu6050.o(i.MPU6050ReadID)
    MPU6050_GPIO_Init                        0x0800202d   Thumb Code    40  bsp_mpu6050.o(i.MPU6050_GPIO_Init)
    MPU6050_Init                             0x08002059   Thumb Code   152  bsp_mpu6050.o(i.MPU6050_Init)
    MPU6050_ReadData                         0x080020f1   Thumb Code   148  bsp_mpu6050.o(i.MPU6050_ReadData)
    MPU6050_WriteReg                         0x08002185   Thumb Code   116  bsp_mpu6050.o(i.MPU6050_WriteReg)
    MPU_Set_Accel_Fsr                        0x080021f9   Thumb Code    18  bsp_mpu6050.o(i.MPU_Set_Accel_Fsr)
    MPU_Set_Gyro_Fsr                         0x0800220b   Thumb Code    18  bsp_mpu6050.o(i.MPU_Set_Gyro_Fsr)
    MPU_Set_LPF                              0x0800221d   Thumb Code    78  bsp_mpu6050.o(i.MPU_Set_LPF)
    MPU_Set_Rate                             0x0800226b   Thumb Code    64  bsp_mpu6050.o(i.MPU_Set_Rate)
    MemManage_Handler                        0x080022ab   Thumb Code     4  stm32f10x_it.o(i.MemManage_Handler)
    NMI_Handler                              0x080022af   Thumb Code     2  stm32f10x_it.o(i.NMI_Handler)
    NVIC_Init                                0x080022b1   Thumb Code   100  misc.o(i.NVIC_Init)
    OLED_Clear                               0x08002321   Thumb Code    36  oled.o(i.OLED_Clear)
    OLED_ClearArea                           0x08002349   Thumb Code   140  oled.o(i.OLED_ClearArea)
    OLED_GPIO_Init                           0x080023d9   Thumb Code    88  oled.o(i.OLED_GPIO_Init)
    OLED_I2C_SendByte                        0x08002435   Thumb Code    62  oled.o(i.OLED_I2C_SendByte)
    OLED_I2C_Start                           0x08002473   Thumb Code    28  oled.o(i.OLED_I2C_Start)
    OLED_I2C_Stop                            0x0800248f   Thumb Code    22  oled.o(i.OLED_I2C_Stop)
    OLED_Init                                0x080024a5   Thumb Code   154  oled.o(i.OLED_Init)
    OLED_Printf                              0x0800253f   Thumb Code    50  oled.o(i.OLED_Printf)
    OLED_SetCursor                           0x08002571   Thumb Code    34  oled.o(i.OLED_SetCursor)
    OLED_ShowChar                            0x08002595   Thumb Code    74  oled.o(i.OLED_ShowChar)
    OLED_ShowImage                           0x080025e9   Thumb Code   248  oled.o(i.OLED_ShowImage)
    OLED_ShowString                          0x080026e5   Thumb Code   442  oled.o(i.OLED_ShowString)
    OLED_Update                              0x080028a9   Thumb Code    36  oled.o(i.OLED_Update)
    OLED_W_SCL                               0x080028d1   Thumb Code    16  oled.o(i.OLED_W_SCL)
    OLED_W_SDA                               0x080028e5   Thumb Code    16  oled.o(i.OLED_W_SDA)
    OLED_WriteCommand                        0x080028f9   Thumb Code    32  oled.o(i.OLED_WriteCommand)
    OLED_WriteData                           0x08002919   Thumb Code    46  oled.o(i.OLED_WriteData)
    PendSV_Handler                           0x08002947   Thumb Code     2  stm32f10x_it.o(i.PendSV_Handler)
    RCC_APB1PeriphResetCmd                   0x08002949   Thumb Code    26  stm32f10x_rcc.o(i.RCC_APB1PeriphResetCmd)
    RCC_APB2PeriphClockCmd                   0x08002969   Thumb Code    26  stm32f10x_rcc.o(i.RCC_APB2PeriphClockCmd)
    RCC_APB2PeriphResetCmd                   0x08002989   Thumb Code    26  stm32f10x_rcc.o(i.RCC_APB2PeriphResetCmd)
    RCC_GetClocksFreq                        0x080029a9   Thumb Code   192  stm32f10x_rcc.o(i.RCC_GetClocksFreq)
    Read_Byte                                0x08002a7d   Thumb Code   114  bsp_mpu6050.o(i.Read_Byte)
    SVC_Handler                              0x08002af5   Thumb Code     2  stm32f10x_it.o(i.SVC_Handler)
    Send_Byte                                0x08002af9   Thumb Code   114  bsp_mpu6050.o(i.Send_Byte)
    SysTick_Handler                          0x08002c59   Thumb Code     2  stm32f10x_it.o(i.SysTick_Handler)
    SystemInit                               0x08002c5d   Thumb Code    78  system_stm32f10x.o(i.SystemInit)
    USART1_IRQHandler                        0x08002cbd   Thumb Code    98  bsp_uart.o(i.USART1_IRQHandler)
    USART_ClearFlag                          0x08002d31   Thumb Code    18  stm32f10x_usart.o(i.USART_ClearFlag)
    USART_ClearITPendingBit                  0x08002d43   Thumb Code    30  stm32f10x_usart.o(i.USART_ClearITPendingBit)
    USART_Cmd                                0x08002d61   Thumb Code    24  stm32f10x_usart.o(i.USART_Cmd)
    USART_DeInit                             0x08002d79   Thumb Code   134  stm32f10x_usart.o(i.USART_DeInit)
    USART_GetFlagStatus                      0x08002e15   Thumb Code    26  stm32f10x_usart.o(i.USART_GetFlagStatus)
    USART_GetITStatus                        0x08002e2f   Thumb Code    84  stm32f10x_usart.o(i.USART_GetITStatus)
    USART_ITConfig                           0x08002e83   Thumb Code    74  stm32f10x_usart.o(i.USART_ITConfig)
    USART_Init                               0x08002ecd   Thumb Code   210  stm32f10x_usart.o(i.USART_Init)
    USART_ReceiveData                        0x08002fa5   Thumb Code    10  stm32f10x_usart.o(i.USART_ReceiveData)
    USART_SendData                           0x08002faf   Thumb Code     8  stm32f10x_usart.o(i.USART_SendData)
    USART_StructInit                         0x08002fb7   Thumb Code    24  stm32f10x_usart.o(i.USART_StructInit)
    UsageFault_Handler                       0x08002fcf   Thumb Code     4  stm32f10x_it.o(i.UsageFault_Handler)
    __ARM_fpclassify                         0x08002fd3   Thumb Code    40  fpclassify.o(i.__ARM_fpclassify)
    __kernel_poly                            0x08002ffb   Thumb Code   170  poly.o(i.__kernel_poly)
    __mathlib_dbl_infnan                     0x080030a5   Thumb Code     6  dunder.o(i.__mathlib_dbl_infnan)
    __mathlib_dbl_infnan2                    0x080030ab   Thumb Code     4  dunder.o(i.__mathlib_dbl_infnan2)
    __mathlib_dbl_invalid                    0x080030af   Thumb Code    12  dunder.o(i.__mathlib_dbl_invalid)
    __mathlib_dbl_underflow                  0x080030bd   Thumb Code    10  dunder.o(i.__mathlib_dbl_underflow)
    _is_digit                                0x080030cd   Thumb Code    14  __printf_wp.o(i._is_digit)
    _sys_exit                                0x080030db   Thumb Code     4  bsp_uart.o(i._sys_exit)
    asin                                     0x080030e1   Thumb Code   572  asin.o(i.asin)
    atan                                     0x08003351   Thumb Code   474  atan.o(i.atan)
    atan2                                    0x08003571   Thumb Code   374  atan2.o(i.atan2)
    dmp_enable_6x_lp_quat                    0x08003771   Thumb Code    60  inv_mpu_dmp_motion_driver.o(i.dmp_enable_6x_lp_quat)
    dmp_enable_feature                       0x080037ad   Thumb Code   530  inv_mpu_dmp_motion_driver.o(i.dmp_enable_feature)
    dmp_enable_gyro_cal                      0x080039c9   Thumb Code    62  inv_mpu_dmp_motion_driver.o(i.dmp_enable_gyro_cal)
    dmp_enable_lp_quat                       0x08003a21   Thumb Code    60  inv_mpu_dmp_motion_driver.o(i.dmp_enable_lp_quat)
    dmp_load_motion_driver_firmware          0x08003a5d   Thumb Code    20  inv_mpu_dmp_motion_driver.o(i.dmp_load_motion_driver_firmware)
    dmp_read_fifo                            0x08003a75   Thumb Code   456  inv_mpu_dmp_motion_driver.o(i.dmp_read_fifo)
    dmp_set_fifo_rate                        0x08003c41   Thumb Code    96  inv_mpu_dmp_motion_driver.o(i.dmp_set_fifo_rate)
    dmp_set_orientation                      0x08003cb1   Thumb Code   290  inv_mpu_dmp_motion_driver.o(i.dmp_set_orientation)
    dmp_set_shake_reject_thresh              0x08003de9   Thumb Code    56  inv_mpu_dmp_motion_driver.o(i.dmp_set_shake_reject_thresh)
    dmp_set_shake_reject_time                0x08003e21   Thumb Code    38  inv_mpu_dmp_motion_driver.o(i.dmp_set_shake_reject_time)
    dmp_set_shake_reject_timeout             0x08003e47   Thumb Code    38  inv_mpu_dmp_motion_driver.o(i.dmp_set_shake_reject_timeout)
    dmp_set_tap_axes                         0x08003e6d   Thumb Code    70  inv_mpu_dmp_motion_driver.o(i.dmp_set_tap_axes)
    dmp_set_tap_count                        0x08003eb3   Thumb Code    38  inv_mpu_dmp_motion_driver.o(i.dmp_set_tap_count)
    dmp_set_tap_thresh                       0x08003ed9   Thumb Code   396  inv_mpu_dmp_motion_driver.o(i.dmp_set_tap_thresh)
    dmp_set_tap_time                         0x08004079   Thumb Code    38  inv_mpu_dmp_motion_driver.o(i.dmp_set_tap_time)
    dmp_set_tap_time_multi                   0x0800409f   Thumb Code    38  inv_mpu_dmp_motion_driver.o(i.dmp_set_tap_time_multi)
    fputc                                    0x080040c5   Thumb Code    32  bsp_uart.o(i.fputc)
    inv_orientation_matrix_to_scalar         0x080040e9   Thumb Code    40  inv_mpu.o(i.inv_orientation_matrix_to_scalar)
    inv_row_2_scale                          0x08004111   Thumb Code    78  inv_mpu.o(i.inv_row_2_scale)
    main                                     0x08004161   Thumb Code   168  main.o(i.main)
    mget_ms                                  0x0800424d   Thumb Code     2  inv_mpu.o(i.mget_ms)
    mpu_configure_fifo                       0x08004251   Thumb Code   106  inv_mpu.o(i.mpu_configure_fifo)
    mpu_dmp_get_data                         0x080042c1   Thumb Code   544  inv_mpu.o(i.mpu_dmp_get_data)
    mpu_dmp_init                             0x080044e5   Thumb Code   136  inv_mpu.o(i.mpu_dmp_init)
    mpu_get_accel_fsr                        0x08004571   Thumb Code    72  inv_mpu.o(i.mpu_get_accel_fsr)
    mpu_init                                 0x080045bd   Thumb Code   416  inv_mpu.o(i.mpu_init)
    mpu_load_firmware                        0x080047ad   Thumb Code   180  inv_mpu.o(i.mpu_load_firmware)
    mpu_lp_accel_mode                        0x08004865   Thumb Code   218  inv_mpu.o(i.mpu_lp_accel_mode)
    mpu_read_fifo_stream                     0x08004945   Thumb Code   186  inv_mpu.o(i.mpu_read_fifo_stream)
    mpu_read_mem                             0x08004a05   Thumb Code   122  inv_mpu.o(i.mpu_read_mem)
    mpu_reset_fifo                           0x08004a85   Thumb Code   450  inv_mpu.o(i.mpu_reset_fifo)
    mpu_set_accel_fsr                        0x08004c4d   Thumb Code   126  inv_mpu.o(i.mpu_set_accel_fsr)
    mpu_set_bypass                           0x08004cd1   Thumb Code   328  inv_mpu.o(i.mpu_set_bypass)
    mpu_set_dmp_state                        0x08004e1d   Thumb Code   138  inv_mpu.o(i.mpu_set_dmp_state)
    mpu_set_gyro_fsr                         0x08004ead   Thumb Code   132  inv_mpu.o(i.mpu_set_gyro_fsr)
    mpu_set_int_latched                      0x08004f35   Thumb Code   102  inv_mpu.o(i.mpu_set_int_latched)
    mpu_set_lpf                              0x08004fa1   Thumb Code   126  inv_mpu.o(i.mpu_set_lpf)
    mpu_set_sample_rate                      0x08005025   Thumb Code   152  inv_mpu.o(i.mpu_set_sample_rate)
    mpu_set_sensors                          0x080050c1   Thumb Code   202  inv_mpu.o(i.mpu_set_sensors)
    mpu_write_mem                            0x08005191   Thumb Code   122  inv_mpu.o(i.mpu_write_mem)
    sqrt                                     0x080052a1   Thumb Code    76  sqrt.o(i.sqrt)
    uart1_init                               0x080052ed   Thumb Code   212  bsp_uart.o(i.uart1_init)
    _get_lc_numeric                          0x080053c9   Thumb Code    44  lc_numeric_c.o(locale$$code)
    _get_lc_ctype                            0x080053f5   Thumb Code    44  lc_ctype_c.o(locale$$code)
    __aeabi_d2f                              0x08005421   Thumb Code     0  d2f.o(x$fpl$d2f)
    _d2f                                     0x08005421   Thumb Code    98  d2f.o(x$fpl$d2f)
    __aeabi_dadd                             0x08005485   Thumb Code     0  daddsub_clz.o(x$fpl$dadd)
    _dadd                                    0x08005485   Thumb Code   332  daddsub_clz.o(x$fpl$dadd)
    __fpl_dcheck_NaN1                        0x080055d5   Thumb Code    10  dcheck1.o(x$fpl$dcheck1)
    __fpl_dcmp_Inf                           0x080055e5   Thumb Code    24  dcmpi.o(x$fpl$dcmpinf)
    __aeabi_ddiv                             0x080055fd   Thumb Code     0  ddiv.o(x$fpl$ddiv)
    _ddiv                                    0x080055fd   Thumb Code   552  ddiv.o(x$fpl$ddiv)
    __aeabi_cdcmpeq                          0x080058ad   Thumb Code     0  deqf.o(x$fpl$deqf)
    _dcmpeq                                  0x080058ad   Thumb Code   120  deqf.o(x$fpl$deqf)
    __aeabi_dmul                             0x08005925   Thumb Code     0  dmul.o(x$fpl$dmul)
    _dmul                                    0x08005925   Thumb Code   332  dmul.o(x$fpl$dmul)
    __fpl_dnaninf                            0x08005a79   Thumb Code   156  dnaninf.o(x$fpl$dnaninf)
    __fpl_dretinf                            0x08005b15   Thumb Code    12  dretinf.o(x$fpl$dretinf)
    __aeabi_drsub                            0x08005b21   Thumb Code     0  daddsub_clz.o(x$fpl$drsb)
    _drsb                                    0x08005b21   Thumb Code    22  daddsub_clz.o(x$fpl$drsb)
    _dsqrt                                   0x08005b39   Thumb Code   456  dsqrt_noumaal.o(x$fpl$dsqrt)
    __aeabi_dsub                             0x08005d05   Thumb Code     0  daddsub_clz.o(x$fpl$dsub)
    _dsub                                    0x08005d05   Thumb Code   464  daddsub_clz.o(x$fpl$dsub)
    __aeabi_f2d                              0x08005ed9   Thumb Code     0  f2d.o(x$fpl$f2d)
    _f2d                                     0x08005ed9   Thumb Code    86  f2d.o(x$fpl$f2d)
    __aeabi_fadd                             0x08005f31   Thumb Code     0  faddsub_clz.o(x$fpl$fadd)
    _fadd                                    0x08005f31   Thumb Code   196  faddsub_clz.o(x$fpl$fadd)
    __aeabi_fdiv                             0x08005ff5   Thumb Code     0  fdiv.o(x$fpl$fdiv)
    _fdiv                                    0x08005ff5   Thumb Code   384  fdiv.o(x$fpl$fdiv)
    __aeabi_f2uiz                            0x08006179   Thumb Code     0  ffixu.o(x$fpl$ffixu)
    _ffixu                                   0x08006179   Thumb Code    62  ffixu.o(x$fpl$ffixu)
    __aeabi_i2f                              0x080061b9   Thumb Code     0  fflt_clz.o(x$fpl$fflt)
    _fflt                                    0x080061b9   Thumb Code    48  fflt_clz.o(x$fpl$fflt)
    __aeabi_ui2f                             0x080061e9   Thumb Code     0  fflt_clz.o(x$fpl$ffltu)
    _ffltu                                   0x080061e9   Thumb Code    38  fflt_clz.o(x$fpl$ffltu)
    __aeabi_fmul                             0x08006211   Thumb Code     0  fmul.o(x$fpl$fmul)
    _fmul                                    0x08006211   Thumb Code   258  fmul.o(x$fpl$fmul)
    __fpl_fnaninf                            0x08006313   Thumb Code   140  fnaninf.o(x$fpl$fnaninf)
    __fpl_fretinf                            0x0800639f   Thumb Code    10  fretinf.o(x$fpl$fretinf)
    __aeabi_fsub                             0x080063a9   Thumb Code     0  faddsub_clz.o(x$fpl$fsub)
    _fsub                                    0x080063a9   Thumb Code   234  faddsub_clz.o(x$fpl$fsub)
    _printf_fp_dec                           0x08006493   Thumb Code     4  printf1.o(x$fpl$printf1)
    _printf_fp_hex                           0x08006497   Thumb Code     4  printf2.o(x$fpl$printf2)
    __fpl_return_NaN                         0x0800649b   Thumb Code   100  retnan.o(x$fpl$retnan)
    __ARM_scalbn                             0x080064ff   Thumb Code    92  scalbn.o(x$fpl$scalbn)
    __fpl_cmpreturn                          0x0800655b   Thumb Code    48  trapv.o(x$fpl$trapveneer)
    OLED_F8x16                               0x0800658a   Data        1520  oled_data.o(.constdata)
    __I$use$fp                               0x0800658a   Number         0  usenofp.o(x$fpl$usenofp)
    OLED_F6x8                                0x08006b7a   Data         570  oled_data.o(.constdata)
    OLED_CF16x16                             0x08006db4   Data         259  oled_data.o(.constdata)
    Diode                                    0x08006eb7   Data          32  oled_data.o(.constdata)
    reg                                      0x08006ed8   Data          27  inv_mpu.o(.constdata)
    hw                                       0x08006ef4   Data          12  inv_mpu.o(.constdata)
    test                                     0x08006f00   Data          40  inv_mpu.o(.constdata)
    __mathlib_zero                           0x08007c48   Data           8  qnan.o(.constdata)
    Region$$Table$$Base                      0x08007d5c   Number         0  anon$$obj.o(Region$$Table)
    Region$$Table$$Limit                     0x08007d7c   Number         0  anon$$obj.o(Region$$Table)
    __ctype                                  0x08007da5   Data           0  lc_ctype_c.o(locale$$data)
    u1_recv_length                           0x20000014   Data           2  bsp_uart.o(.data)
    u1_recv_flag                             0x20000016   Data           1  bsp_uart.o(.data)
    __stdout                                 0x20000018   Data           4  bsp_uart.o(.data)
    Temp                                     0x20000054   Data           4  main.o(.data)
    pitch                                    0x20000058   Data           4  main.o(.data)
    roll                                     0x2000005c   Data           4  main.o(.data)
    yaw                                      0x20000060   Data           4  main.o(.data)
    OLED_DisplayBuf                          0x20000064   Data        1024  oled.o(.bss)
    u1_recv_buff                             0x20000464   Data        1024  bsp_uart.o(.bss)
    __libspace_start                         0x20000874   Data          96  libspace.o(.bss)
    __temporary_stack_top$libspace           0x200008d4   Data           0  libspace.o(.bss)



==============================================================================

Memory Map of the image

  Image Entry point : 0x080000ed

  Load Region LR_IROM1 (Base: 0x08000000, Size: 0x00007f0c, Max: 0x00010000, ABSOLUTE)

    Execution Region ER_IROM1 (Exec base: 0x08000000, Load base: 0x08000000, Size: 0x00007ea8, Max: 0x00010000, ABSOLUTE)

    Exec Addr    Load Addr    Size         Type   Attr      Idx    E Section Name        Object

    0x08000000   0x08000000   0x000000ec   Data   RO            3    RESET               startup_stm32f10x_md.o
    0x080000ec   0x080000ec   0x00000008   Code   RO         4338  * !!!main             c_w.l(__main.o)
    0x080000f4   0x080000f4   0x00000034   Code   RO         4782    !!!scatter          c_w.l(__scatter.o)
    0x08000128   0x08000128   0x0000001a   Code   RO         4784    !!handler_copy      c_w.l(__scatter_copy.o)
    0x08000142   0x08000142   0x00000002   PAD
    0x08000144   0x08000144   0x0000001c   Code   RO         4786    !!handler_zi        c_w.l(__scatter_zi.o)
    0x08000160   0x08000160   0x00000000   Code   RO         4329    .ARM.Collect$$_printf_percent$$00000000  c_w.l(_printf_percent.o)
    0x08000160   0x08000160   0x00000006   Code   RO         4462    .ARM.Collect$$_printf_percent$$00000001  c_w.l(_printf_n.o)
    0x08000166   0x08000166   0x00000006   Code   RO         4463    .ARM.Collect$$_printf_percent$$00000002  c_w.l(_printf_p.o)
    0x0800016c   0x0800016c   0x00000006   Code   RO         4328    .ARM.Collect$$_printf_percent$$00000003  c_w.l(_printf_f.o)
    0x08000172   0x08000172   0x00000006   Code   RO         4467    .ARM.Collect$$_printf_percent$$00000004  c_w.l(_printf_e.o)
    0x08000178   0x08000178   0x00000006   Code   RO         4468    .ARM.Collect$$_printf_percent$$00000005  c_w.l(_printf_g.o)
    0x0800017e   0x0800017e   0x00000006   Code   RO         4469    .ARM.Collect$$_printf_percent$$00000006  c_w.l(_printf_a.o)
    0x08000184   0x08000184   0x0000000a   Code   RO         4474    .ARM.Collect$$_printf_percent$$00000007  c_w.l(_printf_ll.o)
    0x0800018e   0x0800018e   0x00000006   Code   RO         4465    .ARM.Collect$$_printf_percent$$00000008  c_w.l(_printf_i.o)
    0x08000194   0x08000194   0x00000006   Code   RO         4327    .ARM.Collect$$_printf_percent$$00000009  c_w.l(_printf_d.o)
    0x0800019a   0x0800019a   0x00000006   Code   RO         4466    .ARM.Collect$$_printf_percent$$0000000A  c_w.l(_printf_u.o)
    0x080001a0   0x080001a0   0x00000006   Code   RO         4464    .ARM.Collect$$_printf_percent$$0000000B  c_w.l(_printf_o.o)
    0x080001a6   0x080001a6   0x00000006   Code   RO         4326    .ARM.Collect$$_printf_percent$$0000000C  c_w.l(_printf_x.o)
    0x080001ac   0x080001ac   0x00000006   Code   RO         4471    .ARM.Collect$$_printf_percent$$0000000D  c_w.l(_printf_lli.o)
    0x080001b2   0x080001b2   0x00000006   Code   RO         4472    .ARM.Collect$$_printf_percent$$0000000E  c_w.l(_printf_lld.o)
    0x080001b8   0x080001b8   0x00000006   Code   RO         4473    .ARM.Collect$$_printf_percent$$0000000F  c_w.l(_printf_llu.o)
    0x080001be   0x080001be   0x00000006   Code   RO         4478    .ARM.Collect$$_printf_percent$$00000010  c_w.l(_printf_llo.o)
    0x080001c4   0x080001c4   0x00000006   Code   RO         4479    .ARM.Collect$$_printf_percent$$00000011  c_w.l(_printf_llx.o)
    0x080001ca   0x080001ca   0x0000000a   Code   RO         4475    .ARM.Collect$$_printf_percent$$00000012  c_w.l(_printf_l.o)
    0x080001d4   0x080001d4   0x00000006   Code   RO         4460    .ARM.Collect$$_printf_percent$$00000013  c_w.l(_printf_c.o)
    0x080001da   0x080001da   0x00000006   Code   RO         4461    .ARM.Collect$$_printf_percent$$00000014  c_w.l(_printf_s.o)
    0x080001e0   0x080001e0   0x00000006   Code   RO         4476    .ARM.Collect$$_printf_percent$$00000015  c_w.l(_printf_lc.o)
    0x080001e6   0x080001e6   0x00000006   Code   RO         4477    .ARM.Collect$$_printf_percent$$00000016  c_w.l(_printf_ls.o)
    0x080001ec   0x080001ec   0x00000004   Code   RO         4470    .ARM.Collect$$_printf_percent$$00000017  c_w.l(_printf_percent_end.o)
    0x080001f0   0x080001f0   0x00000002   Code   RO         4644    .ARM.Collect$$libinit$$00000000  c_w.l(libinit.o)
    0x080001f2   0x080001f2   0x00000000   Code   RO         4646    .ARM.Collect$$libinit$$00000002  c_w.l(libinit2.o)
    0x080001f2   0x080001f2   0x00000000   Code   RO         4648    .ARM.Collect$$libinit$$00000004  c_w.l(libinit2.o)
    0x080001f2   0x080001f2   0x00000000   Code   RO         4651    .ARM.Collect$$libinit$$0000000A  c_w.l(libinit2.o)
    0x080001f2   0x080001f2   0x00000000   Code   RO         4653    .ARM.Collect$$libinit$$0000000C  c_w.l(libinit2.o)
    0x080001f2   0x080001f2   0x00000000   Code   RO         4655    .ARM.Collect$$libinit$$0000000E  c_w.l(libinit2.o)
    0x080001f2   0x080001f2   0x00000006   Code   RO         4656    .ARM.Collect$$libinit$$0000000F  c_w.l(libinit2.o)
    0x080001f8   0x080001f8   0x00000000   Code   RO         4658    .ARM.Collect$$libinit$$00000011  c_w.l(libinit2.o)
    0x080001f8   0x080001f8   0x0000000c   Code   RO         4659    .ARM.Collect$$libinit$$00000012  c_w.l(libinit2.o)
    0x08000204   0x08000204   0x00000000   Code   RO         4660    .ARM.Collect$$libinit$$00000013  c_w.l(libinit2.o)
    0x08000204   0x08000204   0x00000000   Code   RO         4662    .ARM.Collect$$libinit$$00000015  c_w.l(libinit2.o)
    0x08000204   0x08000204   0x0000000a   Code   RO         4663    .ARM.Collect$$libinit$$00000016  c_w.l(libinit2.o)
    0x0800020e   0x0800020e   0x00000000   Code   RO         4664    .ARM.Collect$$libinit$$00000017  c_w.l(libinit2.o)
    0x0800020e   0x0800020e   0x00000000   Code   RO         4666    .ARM.Collect$$libinit$$00000019  c_w.l(libinit2.o)
    0x0800020e   0x0800020e   0x00000000   Code   RO         4668    .ARM.Collect$$libinit$$0000001B  c_w.l(libinit2.o)
    0x0800020e   0x0800020e   0x00000000   Code   RO         4670    .ARM.Collect$$libinit$$0000001D  c_w.l(libinit2.o)
    0x0800020e   0x0800020e   0x00000000   Code   RO         4672    .ARM.Collect$$libinit$$0000001F  c_w.l(libinit2.o)
    0x0800020e   0x0800020e   0x00000000   Code   RO         4674    .ARM.Collect$$libinit$$00000021  c_w.l(libinit2.o)
    0x0800020e   0x0800020e   0x00000000   Code   RO         4676    .ARM.Collect$$libinit$$00000023  c_w.l(libinit2.o)
    0x0800020e   0x0800020e   0x00000000   Code   RO         4678    .ARM.Collect$$libinit$$00000025  c_w.l(libinit2.o)
    0x0800020e   0x0800020e   0x00000000   Code   RO         4682    .ARM.Collect$$libinit$$0000002C  c_w.l(libinit2.o)
    0x0800020e   0x0800020e   0x00000000   Code   RO         4684    .ARM.Collect$$libinit$$0000002E  c_w.l(libinit2.o)
    0x0800020e   0x0800020e   0x00000000   Code   RO         4686    .ARM.Collect$$libinit$$00000030  c_w.l(libinit2.o)
    0x0800020e   0x0800020e   0x00000000   Code   RO         4688    .ARM.Collect$$libinit$$00000032  c_w.l(libinit2.o)
    0x0800020e   0x0800020e   0x00000002   Code   RO         4689    .ARM.Collect$$libinit$$00000033  c_w.l(libinit2.o)
    0x08000210   0x08000210   0x00000002   Code   RO         4738    .ARM.Collect$$libshutdown$$00000000  c_w.l(libshutdown.o)
    0x08000212   0x08000212   0x00000000   Code   RO         4749    .ARM.Collect$$libshutdown$$00000002  c_w.l(libshutdown2.o)
    0x08000212   0x08000212   0x00000000   Code   RO         4751    .ARM.Collect$$libshutdown$$00000004  c_w.l(libshutdown2.o)
    0x08000212   0x08000212   0x00000000   Code   RO         4753    .ARM.Collect$$libshutdown$$00000006  c_w.l(libshutdown2.o)
    0x08000212   0x08000212   0x00000000   Code   RO         4756    .ARM.Collect$$libshutdown$$00000009  c_w.l(libshutdown2.o)
    0x08000212   0x08000212   0x00000000   Code   RO         4759    .ARM.Collect$$libshutdown$$0000000C  c_w.l(libshutdown2.o)
    0x08000212   0x08000212   0x00000000   Code   RO         4761    .ARM.Collect$$libshutdown$$0000000E  c_w.l(libshutdown2.o)
    0x08000212   0x08000212   0x00000000   Code   RO         4764    .ARM.Collect$$libshutdown$$00000011  c_w.l(libshutdown2.o)
    0x08000212   0x08000212   0x00000002   Code   RO         4765    .ARM.Collect$$libshutdown$$00000012  c_w.l(libshutdown2.o)
    0x08000214   0x08000214   0x00000000   Code   RO         4428    .ARM.Collect$$rtentry$$00000000  c_w.l(__rtentry.o)
    0x08000214   0x08000214   0x00000000   Code   RO         4545    .ARM.Collect$$rtentry$$00000002  c_w.l(__rtentry2.o)
    0x08000214   0x08000214   0x00000006   Code   RO         4557    .ARM.Collect$$rtentry$$00000004  c_w.l(__rtentry4.o)
    0x0800021a   0x0800021a   0x00000000   Code   RO         4547    .ARM.Collect$$rtentry$$00000009  c_w.l(__rtentry2.o)
    0x0800021a   0x0800021a   0x00000004   Code   RO         4548    .ARM.Collect$$rtentry$$0000000A  c_w.l(__rtentry2.o)
    0x0800021e   0x0800021e   0x00000000   Code   RO         4550    .ARM.Collect$$rtentry$$0000000C  c_w.l(__rtentry2.o)
    0x0800021e   0x0800021e   0x00000008   Code   RO         4551    .ARM.Collect$$rtentry$$0000000D  c_w.l(__rtentry2.o)
    0x08000226   0x08000226   0x00000002   Code   RO         4692    .ARM.Collect$$rtexit$$00000000  c_w.l(rtexit.o)
    0x08000228   0x08000228   0x00000000   Code   RO         4708    .ARM.Collect$$rtexit$$00000002  c_w.l(rtexit2.o)
    0x08000228   0x08000228   0x00000004   Code   RO         4709    .ARM.Collect$$rtexit$$00000003  c_w.l(rtexit2.o)
    0x0800022c   0x0800022c   0x00000006   Code   RO         4710    .ARM.Collect$$rtexit$$00000004  c_w.l(rtexit2.o)
    0x08000232   0x08000232   0x00000002   PAD
    0x08000234   0x08000234   0x00000040   Code   RO            4    .text               startup_stm32f10x_md.o
    0x08000274   0x08000274   0x00000024   Code   RO         4273    .text               c_w.l(vsprintf.o)
    0x08000298   0x08000298   0x00000018   Code   RO         4275    .text               c_w.l(__2printf.o)
    0x080002b0   0x080002b0   0x0000004e   Code   RO         4281    .text               c_w.l(_printf_pad.o)
    0x080002fe   0x080002fe   0x00000002   PAD
    0x08000300   0x08000300   0x00000078   Code   RO         4283    .text               c_w.l(_printf_dec.o)
    0x08000378   0x08000378   0x00000094   Code   RO         4303    .text               c_w.l(_printf_hex_int_ll_ptr.o)
    0x0800040c   0x0800040c   0x00000188   Code   RO         4323    .text               c_w.l(__printf_flags_ss_wp.o)
    0x08000594   0x08000594   0x00000058   Code   RO         4330    .text               c_w.l(memcmp.o)
    0x080005ec   0x080005ec   0x00000010   Code   RO         4332    .text               c_w.l(aeabi_memset.o)
    0x080005fc   0x080005fc   0x00000080   Code   RO         4334    .text               c_w.l(strcmpv7m.o)
    0x0800067c   0x0800067c   0x00000006   Code   RO         4336    .text               c_w.l(heapauxi.o)
    0x08000682   0x08000682   0x00000016   Code   RO         4431    .text               c_w.l(_rserrno.o)
    0x08000698   0x08000698   0x00000024   Code   RO         4433    .text               c_w.l(_printf_truncate.o)
    0x080006bc   0x080006bc   0x00000052   Code   RO         4435    .text               c_w.l(_printf_str.o)
    0x0800070e   0x0800070e   0x000000b2   Code   RO         4437    .text               c_w.l(_printf_intcommon.o)
    0x080007c0   0x080007c0   0x00000028   Code   RO         4439    .text               c_w.l(_printf_charcount.o)
    0x080007e8   0x080007e8   0x0000041e   Code   RO         4441    .text               c_w.l(_printf_fp_dec.o)
    0x08000c06   0x08000c06   0x00000002   PAD
    0x08000c08   0x08000c08   0x00000030   Code   RO         4443    .text               c_w.l(_printf_char_common.o)
    0x08000c38   0x08000c38   0x0000000a   Code   RO         4445    .text               c_w.l(_sputc.o)
    0x08000c42   0x08000c42   0x00000002   PAD
    0x08000c44   0x08000c44   0x00000024   Code   RO         4447    .text               c_w.l(_printf_char_file.o)
    0x08000c68   0x08000c68   0x000000bc   Code   RO         4449    .text               c_w.l(_printf_wctomb.o)
    0x08000d24   0x08000d24   0x0000007c   Code   RO         4452    .text               c_w.l(_printf_longlong_dec.o)
    0x08000da0   0x08000da0   0x00000070   Code   RO         4458    .text               c_w.l(_printf_oct_int_ll.o)
    0x08000e10   0x08000e10   0x00000044   Code   RO         4480    .text               c_w.l(rt_memclr.o)
    0x08000e54   0x08000e54   0x00000008   Code   RO         4566    .text               c_w.l(rt_locale_intlibspace.o)
    0x08000e5c   0x08000e5c   0x00000008   Code   RO         4571    .text               c_w.l(rt_errno_addr_intlibspace.o)
    0x08000e64   0x08000e64   0x0000008a   Code   RO         4573    .text               c_w.l(lludiv10.o)
    0x08000eee   0x08000eee   0x00000002   PAD
    0x08000ef0   0x08000ef0   0x000002fc   Code   RO         4575    .text               c_w.l(_printf_fp_hex.o)
    0x080011ec   0x080011ec   0x00000080   Code   RO         4578    .text               c_w.l(_printf_fp_infnan.o)
    0x0800126c   0x0800126c   0x0000002c   Code   RO         4582    .text               c_w.l(_printf_char.o)
    0x08001298   0x08001298   0x0000002c   Code   RO         4584    .text               c_w.l(_printf_wchar.o)
    0x080012c4   0x080012c4   0x000000e4   Code   RO         4586    .text               c_w.l(bigflt0.o)
    0x080013a8   0x080013a8   0x00000008   Code   RO         4611    .text               c_w.l(ferror.o)
    0x080013b0   0x080013b0   0x00000040   Code   RO         4615    .text               c_w.l(_wcrtomb.o)
    0x080013f0   0x080013f0   0x0000004e   Code   RO         4620    .text               c_w.l(rt_memclr_w.o)
    0x0800143e   0x0800143e   0x00000002   PAD
    0x08001440   0x08001440   0x00000008   Code   RO         4628    .text               c_w.l(libspace.o)
    0x08001448   0x08001448   0x0000004a   Code   RO         4631    .text               c_w.l(sys_stackheap_outer.o)
    0x08001492   0x08001492   0x00000002   PAD
    0x08001494   0x08001494   0x00000010   Code   RO         4633    .text               c_w.l(rt_ctype_table.o)
    0x080014a4   0x080014a4   0x00000012   Code   RO         4637    .text               c_w.l(exit.o)
    0x080014b6   0x080014b6   0x0000003e   Code   RO         4589    CL$$btod_d2e        c_w.l(btod.o)
    0x080014f4   0x080014f4   0x00000046   Code   RO         4591    CL$$btod_d2e_denorm_low  c_w.l(btod.o)
    0x0800153a   0x0800153a   0x00000060   Code   RO         4590    CL$$btod_d2e_norm_op1  c_w.l(btod.o)
    0x0800159a   0x0800159a   0x00000338   Code   RO         4599    CL$$btod_div_common  c_w.l(btod.o)
    0x080018d2   0x080018d2   0x000000dc   Code   RO         4596    CL$$btod_e2e        c_w.l(btod.o)
    0x080019ae   0x080019ae   0x0000002a   Code   RO         4593    CL$$btod_ediv       c_w.l(btod.o)
    0x080019d8   0x080019d8   0x0000002a   Code   RO         4592    CL$$btod_emul       c_w.l(btod.o)
    0x08001a02   0x08001a02   0x00000244   Code   RO         4598    CL$$btod_mult_common  c_w.l(btod.o)
    0x08001c46   0x08001c46   0x00000004   Code   RO         4206    i.BusFault_Handler  stm32f10x_it.o
    0x08001c4a   0x08001c4a   0x00000002   Code   RO         4207    i.DebugMon_Handler  stm32f10x_it.o
    0x08001c4c   0x08001c4c   0x00000018   Code   RO         3196    i.Delay_ms          delay.o
    0x08001c64   0x08001c64   0x0000002e   Code   RO         3198    i.Delay_us          delay.o
    0x08001c92   0x08001c92   0x00000116   Code   RO         1347    i.GPIO_Init         stm32f10x_gpio.o
    0x08001da8   0x08001da8   0x00000012   Code   RO         1351    i.GPIO_ReadInputDataBit  stm32f10x_gpio.o
    0x08001dba   0x08001dba   0x00000010   Code   RO         1356    i.GPIO_StructInit   stm32f10x_gpio.o
    0x08001dca   0x08001dca   0x0000000a   Code   RO         1358    i.GPIO_WriteBit     stm32f10x_gpio.o
    0x08001dd4   0x08001dd4   0x00000004   Code   RO         4208    i.HardFault_Handler  stm32f10x_it.o
    0x08001dd8   0x08001dd8   0x00000098   Code   RO         3478    i.I2C_WaitAck       bsp_mpu6050.o
    0x08001e70   0x08001e70   0x00000084   Code   RO         3479    i.IIC_Send_Ack      bsp_mpu6050.o
    0x08001ef4   0x08001ef4   0x00000068   Code   RO         3480    i.IIC_Start         bsp_mpu6050.o
    0x08001f5c   0x08001f5c   0x0000005c   Code   RO         3481    i.IIC_Stop          bsp_mpu6050.o
    0x08001fb8   0x08001fb8   0x00000074   Code   RO         3484    i.MPU6050ReadID     bsp_mpu6050.o
    0x0800202c   0x0800202c   0x0000002c   Code   RO         3485    i.MPU6050_GPIO_Init  bsp_mpu6050.o
    0x08002058   0x08002058   0x00000098   Code   RO         3487    i.MPU6050_Init      bsp_mpu6050.o
    0x080020f0   0x080020f0   0x00000094   Code   RO         3488    i.MPU6050_ReadData  bsp_mpu6050.o
    0x08002184   0x08002184   0x00000074   Code   RO         3489    i.MPU6050_WriteReg  bsp_mpu6050.o
    0x080021f8   0x080021f8   0x00000012   Code   RO         3490    i.MPU_Set_Accel_Fsr  bsp_mpu6050.o
    0x0800220a   0x0800220a   0x00000012   Code   RO         3491    i.MPU_Set_Gyro_Fsr  bsp_mpu6050.o
    0x0800221c   0x0800221c   0x0000004e   Code   RO         3492    i.MPU_Set_LPF       bsp_mpu6050.o
    0x0800226a   0x0800226a   0x00000040   Code   RO         3493    i.MPU_Set_Rate      bsp_mpu6050.o
    0x080022aa   0x080022aa   0x00000004   Code   RO         4209    i.MemManage_Handler  stm32f10x_it.o
    0x080022ae   0x080022ae   0x00000002   Code   RO         4210    i.NMI_Handler       stm32f10x_it.o
    0x080022b0   0x080022b0   0x00000070   Code   RO          137    i.NVIC_Init         misc.o
    0x08002320   0x08002320   0x00000028   Code   RO         3220    i.OLED_Clear        oled.o
    0x08002348   0x08002348   0x00000090   Code   RO         3221    i.OLED_ClearArea    oled.o
    0x080023d8   0x080023d8   0x0000005c   Code   RO         3229    i.OLED_GPIO_Init    oled.o
    0x08002434   0x08002434   0x0000003e   Code   RO         3231    i.OLED_I2C_SendByte  oled.o
    0x08002472   0x08002472   0x0000001c   Code   RO         3232    i.OLED_I2C_Start    oled.o
    0x0800248e   0x0800248e   0x00000016   Code   RO         3233    i.OLED_I2C_Stop     oled.o
    0x080024a4   0x080024a4   0x0000009a   Code   RO         3234    i.OLED_Init         oled.o
    0x0800253e   0x0800253e   0x00000032   Code   RO         3237    i.OLED_Printf       oled.o
    0x08002570   0x08002570   0x00000022   Code   RO         3240    i.OLED_SetCursor    oled.o
    0x08002592   0x08002592   0x00000002   PAD
    0x08002594   0x08002594   0x00000054   Code   RO         3242    i.OLED_ShowChar     oled.o
    0x080025e8   0x080025e8   0x000000fc   Code   RO         3245    i.OLED_ShowImage    oled.o
    0x080026e4   0x080026e4   0x000001c4   Code   RO         3248    i.OLED_ShowString   oled.o
    0x080028a8   0x080028a8   0x00000028   Code   RO         3249    i.OLED_Update       oled.o
    0x080028d0   0x080028d0   0x00000014   Code   RO         3251    i.OLED_W_SCL        oled.o
    0x080028e4   0x080028e4   0x00000014   Code   RO         3252    i.OLED_W_SDA        oled.o
    0x080028f8   0x080028f8   0x00000020   Code   RO         3253    i.OLED_WriteCommand  oled.o
    0x08002918   0x08002918   0x0000002e   Code   RO         3254    i.OLED_WriteData    oled.o
    0x08002946   0x08002946   0x00000002   Code   RO         4211    i.PendSV_Handler    stm32f10x_it.o
    0x08002948   0x08002948   0x00000020   Code   RO         1776    i.RCC_APB1PeriphResetCmd  stm32f10x_rcc.o
    0x08002968   0x08002968   0x00000020   Code   RO         1777    i.RCC_APB2PeriphClockCmd  stm32f10x_rcc.o
    0x08002988   0x08002988   0x00000020   Code   RO         1778    i.RCC_APB2PeriphResetCmd  stm32f10x_rcc.o
    0x080029a8   0x080029a8   0x000000d4   Code   RO         1785    i.RCC_GetClocksFreq  stm32f10x_rcc.o
    0x08002a7c   0x08002a7c   0x00000078   Code   RO         3494    i.Read_Byte         bsp_mpu6050.o
    0x08002af4   0x08002af4   0x00000002   Code   RO         4212    i.SVC_Handler       stm32f10x_it.o
    0x08002af6   0x08002af6   0x00000002   PAD
    0x08002af8   0x08002af8   0x00000078   Code   RO         3495    i.Send_Byte         bsp_mpu6050.o
    0x08002b70   0x08002b70   0x00000008   Code   RO           24    i.SetSysClock       system_stm32f10x.o
    0x08002b78   0x08002b78   0x000000e0   Code   RO           25    i.SetSysClockTo72   system_stm32f10x.o
    0x08002c58   0x08002c58   0x00000002   Code   RO         4213    i.SysTick_Handler   stm32f10x_it.o
    0x08002c5a   0x08002c5a   0x00000002   PAD
    0x08002c5c   0x08002c5c   0x00000060   Code   RO           27    i.SystemInit        system_stm32f10x.o
    0x08002cbc   0x08002cbc   0x00000074   Code   RO         3602    i.USART1_IRQHandler  bsp_uart.o
    0x08002d30   0x08002d30   0x00000012   Code   RO         2956    i.USART_ClearFlag   stm32f10x_usart.o
    0x08002d42   0x08002d42   0x0000001e   Code   RO         2957    i.USART_ClearITPendingBit  stm32f10x_usart.o
    0x08002d60   0x08002d60   0x00000018   Code   RO         2960    i.USART_Cmd         stm32f10x_usart.o
    0x08002d78   0x08002d78   0x0000009c   Code   RO         2962    i.USART_DeInit      stm32f10x_usart.o
    0x08002e14   0x08002e14   0x0000001a   Code   RO         2963    i.USART_GetFlagStatus  stm32f10x_usart.o
    0x08002e2e   0x08002e2e   0x00000054   Code   RO         2964    i.USART_GetITStatus  stm32f10x_usart.o
    0x08002e82   0x08002e82   0x0000004a   Code   RO         2966    i.USART_ITConfig    stm32f10x_usart.o
    0x08002ecc   0x08002ecc   0x000000d8   Code   RO         2967    i.USART_Init        stm32f10x_usart.o
    0x08002fa4   0x08002fa4   0x0000000a   Code   RO         2974    i.USART_ReceiveData  stm32f10x_usart.o
    0x08002fae   0x08002fae   0x00000008   Code   RO         2977    i.USART_SendData    stm32f10x_usart.o
    0x08002fb6   0x08002fb6   0x00000018   Code   RO         2983    i.USART_StructInit  stm32f10x_usart.o
    0x08002fce   0x08002fce   0x00000004   Code   RO         4214    i.UsageFault_Handler  stm32f10x_it.o
    0x08002fd2   0x08002fd2   0x00000028   Code   RO         4531    i.__ARM_fpclassify  m_ws.l(fpclassify.o)
    0x08002ffa   0x08002ffa   0x000000aa   Code   RO         4533    i.__kernel_poly     m_ws.l(poly.o)
    0x080030a4   0x080030a4   0x00000006   Code   RO         4518    i.__mathlib_dbl_infnan  m_ws.l(dunder.o)
    0x080030aa   0x080030aa   0x00000004   Code   RO         4519    i.__mathlib_dbl_infnan2  m_ws.l(dunder.o)
    0x080030ae   0x080030ae   0x0000000c   Code   RO         4520    i.__mathlib_dbl_invalid  m_ws.l(dunder.o)
    0x080030ba   0x080030ba   0x00000002   PAD
    0x080030bc   0x080030bc   0x00000010   Code   RO         4523    i.__mathlib_dbl_underflow  m_ws.l(dunder.o)
    0x080030cc   0x080030cc   0x0000000e   Code   RO         4316    i._is_digit         c_w.l(__printf_wp.o)
    0x080030da   0x080030da   0x00000004   Code   RO         3603    i._sys_exit         bsp_uart.o
    0x080030de   0x080030de   0x00000002   PAD
    0x080030e0   0x080030e0   0x00000270   Code   RO         4409    i.asin              m_ws.l(asin.o)
    0x08003350   0x08003350   0x00000220   Code   RO         4508    i.atan              m_ws.l(atan.o)
    0x08003570   0x08003570   0x0000019c   Code   RO         4419    i.atan2             m_ws.l(atan2.o)
    0x0800370c   0x0800370c   0x00000064   Code   RO         3995    i.decode_gesture    inv_mpu_dmp_motion_driver.o
    0x08003770   0x08003770   0x0000003c   Code   RO         3996    i.dmp_enable_6x_lp_quat  inv_mpu_dmp_motion_driver.o
    0x080037ac   0x080037ac   0x0000021c   Code   RO         3997    i.dmp_enable_feature  inv_mpu_dmp_motion_driver.o
    0x080039c8   0x080039c8   0x00000058   Code   RO         3998    i.dmp_enable_gyro_cal  inv_mpu_dmp_motion_driver.o
    0x08003a20   0x08003a20   0x0000003c   Code   RO         3999    i.dmp_enable_lp_quat  inv_mpu_dmp_motion_driver.o
    0x08003a5c   0x08003a5c   0x00000018   Code   RO         4004    i.dmp_load_motion_driver_firmware  inv_mpu_dmp_motion_driver.o
    0x08003a74   0x08003a74   0x000001cc   Code   RO         4005    i.dmp_read_fifo     inv_mpu_dmp_motion_driver.o
    0x08003c40   0x08003c40   0x00000070   Code   RO         4009    i.dmp_set_fifo_rate  inv_mpu_dmp_motion_driver.o
    0x08003cb0   0x08003cb0   0x00000138   Code   RO         4012    i.dmp_set_orientation  inv_mpu_dmp_motion_driver.o
    0x08003de8   0x08003de8   0x00000038   Code   RO         4015    i.dmp_set_shake_reject_thresh  inv_mpu_dmp_motion_driver.o
    0x08003e20   0x08003e20   0x00000026   Code   RO         4016    i.dmp_set_shake_reject_time  inv_mpu_dmp_motion_driver.o
    0x08003e46   0x08003e46   0x00000026   Code   RO         4017    i.dmp_set_shake_reject_timeout  inv_mpu_dmp_motion_driver.o
    0x08003e6c   0x08003e6c   0x00000046   Code   RO         4018    i.dmp_set_tap_axes  inv_mpu_dmp_motion_driver.o
    0x08003eb2   0x08003eb2   0x00000026   Code   RO         4019    i.dmp_set_tap_count  inv_mpu_dmp_motion_driver.o
    0x08003ed8   0x08003ed8   0x000001a0   Code   RO         4020    i.dmp_set_tap_thresh  inv_mpu_dmp_motion_driver.o
    0x08004078   0x08004078   0x00000026   Code   RO         4021    i.dmp_set_tap_time  inv_mpu_dmp_motion_driver.o
    0x0800409e   0x0800409e   0x00000026   Code   RO         4022    i.dmp_set_tap_time_multi  inv_mpu_dmp_motion_driver.o
    0x080040c4   0x080040c4   0x00000024   Code   RO         3604    i.fputc             bsp_uart.o
    0x080040e8   0x080040e8   0x00000028   Code   RO         3659    i.inv_orientation_matrix_to_scalar  inv_mpu.o
    0x08004110   0x08004110   0x0000004e   Code   RO         3660    i.inv_row_2_scale   inv_mpu.o
    0x0800415e   0x0800415e   0x00000002   PAD
    0x08004160   0x08004160   0x000000ec   Code   RO         4177    i.main              main.o
    0x0800424c   0x0800424c   0x00000002   Code   RO         3661    i.mget_ms           inv_mpu.o
    0x0800424e   0x0800424e   0x00000002   PAD
    0x08004250   0x08004250   0x00000070   Code   RO         3662    i.mpu_configure_fifo  inv_mpu.o
    0x080042c0   0x080042c0   0x00000224   Code   RO         3663    i.mpu_dmp_get_data  inv_mpu.o
    0x080044e4   0x080044e4   0x0000008c   Code   RO         3664    i.mpu_dmp_init      inv_mpu.o
    0x08004570   0x08004570   0x0000004c   Code   RO         3665    i.mpu_get_accel_fsr  inv_mpu.o
    0x080045bc   0x080045bc   0x000001f0   Code   RO         3681    i.mpu_init          inv_mpu.o
    0x080047ac   0x080047ac   0x000000b8   Code   RO         3682    i.mpu_load_firmware  inv_mpu.o
    0x08004864   0x08004864   0x000000e0   Code   RO         3683    i.mpu_lp_accel_mode  inv_mpu.o
    0x08004944   0x08004944   0x000000c0   Code   RO         3686    i.mpu_read_fifo_stream  inv_mpu.o
    0x08004a04   0x08004a04   0x00000080   Code   RO         3687    i.mpu_read_mem      inv_mpu.o
    0x08004a84   0x08004a84   0x000001c8   Code   RO         3690    i.mpu_reset_fifo    inv_mpu.o
    0x08004c4c   0x08004c4c   0x00000084   Code   RO         3693    i.mpu_set_accel_fsr  inv_mpu.o
    0x08004cd0   0x08004cd0   0x0000014c   Code   RO         3694    i.mpu_set_bypass    inv_mpu.o
    0x08004e1c   0x08004e1c   0x00000090   Code   RO         3696    i.mpu_set_dmp_state  inv_mpu.o
    0x08004eac   0x08004eac   0x00000088   Code   RO         3697    i.mpu_set_gyro_fsr  inv_mpu.o
    0x08004f34   0x08004f34   0x0000006c   Code   RO         3698    i.mpu_set_int_latched  inv_mpu.o
    0x08004fa0   0x08004fa0   0x00000084   Code   RO         3700    i.mpu_set_lpf       inv_mpu.o
    0x08005024   0x08005024   0x0000009c   Code   RO         3701    i.mpu_set_sample_rate  inv_mpu.o
    0x080050c0   0x080050c0   0x000000d0   Code   RO         3702    i.mpu_set_sensors   inv_mpu.o
    0x08005190   0x08005190   0x00000080   Code   RO         3703    i.mpu_write_mem     inv_mpu.o
    0x08005210   0x08005210   0x00000090   Code   RO         3705    i.set_int_enable    inv_mpu.o
    0x080052a0   0x080052a0   0x0000004c   Code   RO         4537    i.sqrt              m_ws.l(sqrt.o)
    0x080052ec   0x080052ec   0x000000dc   Code   RO         3606    i.uart1_init        bsp_uart.o
    0x080053c8   0x080053c8   0x0000002c   Code   RO         4618    locale$$code        c_w.l(lc_numeric_c.o)
    0x080053f4   0x080053f4   0x0000002c   Code   RO         4695    locale$$code        c_w.l(lc_ctype_c.o)
    0x08005420   0x08005420   0x00000062   Code   RO         4340    x$fpl$d2f           fz_ws.l(d2f.o)
    0x08005482   0x08005482   0x00000002   PAD
    0x08005484   0x08005484   0x00000150   Code   RO         4342    x$fpl$dadd          fz_ws.l(daddsub_clz.o)
    0x080055d4   0x080055d4   0x00000010   Code   RO         4622    x$fpl$dcheck1       fz_ws.l(dcheck1.o)
    0x080055e4   0x080055e4   0x00000018   Code   RO         4482    x$fpl$dcmpinf       fz_ws.l(dcmpi.o)
    0x080055fc   0x080055fc   0x000002b0   Code   RO         4349    x$fpl$ddiv          fz_ws.l(ddiv.o)
    0x080058ac   0x080058ac   0x00000078   Code   RO         4484    x$fpl$deqf          fz_ws.l(deqf.o)
    0x08005924   0x08005924   0x00000154   Code   RO         4368    x$fpl$dmul          fz_ws.l(dmul.o)
    0x08005a78   0x08005a78   0x0000009c   Code   RO         4486    x$fpl$dnaninf       fz_ws.l(dnaninf.o)
    0x08005b14   0x08005b14   0x0000000c   Code   RO         4488    x$fpl$dretinf       fz_ws.l(dretinf.o)
    0x08005b20   0x08005b20   0x00000016   Code   RO         4343    x$fpl$drsb          fz_ws.l(daddsub_clz.o)
    0x08005b36   0x08005b36   0x00000002   PAD
    0x08005b38   0x08005b38   0x000001cc   Code   RO         4624    x$fpl$dsqrt         fz_ws.l(dsqrt_noumaal.o)
    0x08005d04   0x08005d04   0x000001d4   Code   RO         4344    x$fpl$dsub          fz_ws.l(daddsub_clz.o)
    0x08005ed8   0x08005ed8   0x00000056   Code   RO         4372    x$fpl$f2d           fz_ws.l(f2d.o)
    0x08005f2e   0x08005f2e   0x00000002   PAD
    0x08005f30   0x08005f30   0x000000c4   Code   RO         4374    x$fpl$fadd          fz_ws.l(faddsub_clz.o)
    0x08005ff4   0x08005ff4   0x00000184   Code   RO         4381    x$fpl$fdiv          fz_ws.l(fdiv.o)
    0x08006178   0x08006178   0x0000003e   Code   RO         4390    x$fpl$ffixu         fz_ws.l(ffixu.o)
    0x080061b6   0x080061b6   0x00000002   PAD
    0x080061b8   0x080061b8   0x00000030   Code   RO         4395    x$fpl$fflt          fz_ws.l(fflt_clz.o)
    0x080061e8   0x080061e8   0x00000026   Code   RO         4394    x$fpl$ffltu         fz_ws.l(fflt_clz.o)
    0x0800620e   0x0800620e   0x00000002   PAD
    0x08006210   0x08006210   0x00000102   Code   RO         4402    x$fpl$fmul          fz_ws.l(fmul.o)
    0x08006312   0x08006312   0x0000008c   Code   RO         4494    x$fpl$fnaninf       fz_ws.l(fnaninf.o)
    0x0800639e   0x0800639e   0x0000000a   Code   RO         4496    x$fpl$fretinf       fz_ws.l(fretinf.o)
    0x080063a8   0x080063a8   0x000000ea   Code   RO         4376    x$fpl$fsub          fz_ws.l(faddsub_clz.o)
    0x08006492   0x08006492   0x00000004   Code   RO         4406    x$fpl$printf1       fz_ws.l(printf1.o)
    0x08006496   0x08006496   0x00000004   Code   RO         4498    x$fpl$printf2       fz_ws.l(printf2.o)
    0x0800649a   0x0800649a   0x00000064   Code   RO         4690    x$fpl$retnan        fz_ws.l(retnan.o)
    0x080064fe   0x080064fe   0x0000005c   Code   RO         4504    x$fpl$scalbn        fz_ws.l(scalbn.o)
    0x0800655a   0x0800655a   0x00000030   Code   RO         4705    x$fpl$trapveneer    fz_ws.l(trapv.o)
    0x0800658a   0x0800658a   0x00000000   Code   RO         4506    x$fpl$usenofp       fz_ws.l(usenofp.o)
    0x0800658a   0x0800658a   0x0000094d   Data   RO         3466    .constdata          oled_data.o
    0x08006ed7   0x08006ed7   0x00000001   PAD
    0x08006ed8   0x08006ed8   0x00000050   Data   RO         3707    .constdata          inv_mpu.o
    0x08006f28   0x08006f28   0x00000bf6   Data   RO         4024    .constdata          inv_mpu_dmp_motion_driver.o
    0x08007b1e   0x08007b1e   0x00000028   Data   RO         4304    .constdata          c_w.l(_printf_hex_int_ll_ptr.o)
    0x08007b46   0x08007b46   0x00000011   Data   RO         4324    .constdata          c_w.l(__printf_flags_ss_wp.o)
    0x08007b57   0x08007b57   0x00000001   PAD
    0x08007b58   0x08007b58   0x00000050   Data   RO         4410    .constdata          m_ws.l(asin.o)
    0x08007ba8   0x08007ba8   0x00000008   Data   RO         4450    .constdata          c_w.l(_printf_wctomb.o)
    0x08007bb0   0x08007bb0   0x00000098   Data   RO         4509    .constdata          m_ws.l(atan.o)
    0x08007c48   0x08007c48   0x00000008   Data   RO         4535    .constdata          m_ws.l(qnan.o)
    0x08007c50   0x08007c50   0x00000026   Data   RO         4576    .constdata          c_w.l(_printf_fp_hex.o)
    0x08007c76   0x08007c76   0x00000002   PAD
    0x08007c78   0x08007c78   0x00000094   Data   RO         4587    .constdata          c_w.l(bigflt0.o)
    0x08007d0c   0x08007d0c   0x0000004d   Data   RO         3708    .conststring        inv_mpu.o
    0x08007d59   0x08007d59   0x00000003   PAD
    0x08007d5c   0x08007d5c   0x00000020   Data   RO         4780    Region$$Table       anon$$obj.o
    0x08007d7c   0x08007d7c   0x0000001c   Data   RO         4617    locale$$data        c_w.l(lc_numeric_c.o)
    0x08007d98   0x08007d98   0x00000110   Data   RO         4694    locale$$data        c_w.l(lc_ctype_c.o)


    Execution Region RW_IRAM1 (Exec base: 0x20000000, Load base: 0x08007ea8, Size: 0x00000ed8, Max: 0x00005000, ABSOLUTE)

    Exec Addr    Load Addr    Size         Type   Attr      Idx    E Section Name        Object

    0x20000000   0x08007ea8   0x00000014   Data   RW         1805    .data               stm32f10x_rcc.o
    0x20000014   0x08007ebc   0x00000008   Data   RW         3609    .data               bsp_uart.o
    0x2000001c   0x08007ec4   0x00000035   Data   RW         3709    .data               inv_mpu.o
    0x20000051   0x08007ef9   0x00000003   PAD
    0x20000054   0x08007efc   0x00000010   Data   RW         4178    .data               main.o
    0x20000064        -       0x00000400   Zero   RW         3256    .bss                oled.o
    0x20000464        -       0x00000400   Zero   RW         3608    .bss                bsp_uart.o
    0x20000864        -       0x00000010   Zero   RW         4023    .bss                inv_mpu_dmp_motion_driver.o
    0x20000874        -       0x00000060   Zero   RW         4629    .bss                c_w.l(libspace.o)
    0x200008d4   0x08007f0c   0x00000004   PAD
    0x200008d8        -       0x00000200   Zero   RW            2    HEAP                startup_stm32f10x_md.o
    0x20000ad8        -       0x00000400   Zero   RW            1    STACK               startup_stm32f10x_md.o


==============================================================================

Image component sizes


      Code (inc. data)   RO Data    RW Data    ZI Data      Debug   Object Name

      1474         88          0          0          0       9545   bsp_mpu6050.o
       376         30          0          8       1024       4148   bsp_uart.o
         0          0          0          0          0       4508   core_cm3.o
        70          0          0          0          0        922   delay.o
      4296        180        157         53          0      20426   inv_mpu.o
      2488        108       3062          0         16      18013   inv_mpu_dmp_motion_driver.o
       236         68          0         16          0        757   main.o
       112         12          0          0          0     204268   misc.o
      1572         48          0          0       1024      11205   oled.o
         0          0       2381          0          0       1082   oled_data.o
        64         26        236          0       1536        820   startup_stm32f10x_md.o
         0          0          0          0          0       1656   stm32f10x_adc.o
       322          0          0          0          0      11818   stm32f10x_gpio.o
        26          0          0          0          0       3730   stm32f10x_it.o
       308         38          0         20          0      13507   stm32f10x_rcc.o
       670         28          0          0          0      14059   stm32f10x_usart.o
       328         28          0          0          0      24885   system_stm32f10x.o

    ----------------------------------------------------------------------
     12354        654       5872        100       3600     345349   Object Totals
         0          0         32          0          0          0   (incl. Generated)
        12          0          4          3          0          0   (incl. Padding)

    ----------------------------------------------------------------------

      Code (inc. data)   RO Data    RW Data    ZI Data      Debug   Library Member Name

        24          4          0          0          0         84   __2printf.o
         8          0          0          0          0         68   __main.o
       392          4         17          0          0         92   __printf_flags_ss_wp.o
        14          0          0          0          0         68   __printf_wp.o
         0          0          0          0          0          0   __rtentry.o
        12          0          0          0          0          0   __rtentry2.o
         6          0          0          0          0          0   __rtentry4.o
        52          8          0          0          0          0   __scatter.o
        26          0          0          0          0          0   __scatter_copy.o
        28          0          0          0          0          0   __scatter_zi.o
         6          0          0          0          0          0   _printf_a.o
         6          0          0          0          0          0   _printf_c.o
        44          0          0          0          0        108   _printf_char.o
        48          6          0          0          0         96   _printf_char_common.o
        36          4          0          0          0         80   _printf_char_file.o
        40          0          0          0          0         68   _printf_charcount.o
         6          0          0          0          0          0   _printf_d.o
       120         16          0          0          0         92   _printf_dec.o
         6          0          0          0          0          0   _printf_e.o
         6          0          0          0          0          0   _printf_f.o
      1054          0          0          0          0        216   _printf_fp_dec.o
       764          8         38          0          0        100   _printf_fp_hex.o
       128         16          0          0          0         84   _printf_fp_infnan.o
         6          0          0          0          0          0   _printf_g.o
       148          4         40          0          0        160   _printf_hex_int_ll_ptr.o
         6          0          0          0          0          0   _printf_i.o
       178          0          0          0          0         88   _printf_intcommon.o
        10          0          0          0          0          0   _printf_l.o
         6          0          0          0          0          0   _printf_lc.o
        10          0          0          0          0          0   _printf_ll.o
         6          0          0          0          0          0   _printf_lld.o
         6          0          0          0          0          0   _printf_lli.o
         6          0          0          0          0          0   _printf_llo.o
         6          0          0          0          0          0   _printf_llu.o
         6          0          0          0          0          0   _printf_llx.o
       124         16          0          0          0         92   _printf_longlong_dec.o
         6          0          0          0          0          0   _printf_ls.o
         6          0          0          0          0          0   _printf_n.o
         6          0          0          0          0          0   _printf_o.o
       112         10          0          0          0        124   _printf_oct_int_ll.o
         6          0          0          0          0          0   _printf_p.o
        78          0          0          0          0        108   _printf_pad.o
         0          0          0          0          0          0   _printf_percent.o
         4          0          0          0          0          0   _printf_percent_end.o
         6          0          0          0          0          0   _printf_s.o
        82          0          0          0          0         80   _printf_str.o
        36          0          0          0          0         84   _printf_truncate.o
         6          0          0          0          0          0   _printf_u.o
        44          0          0          0          0        108   _printf_wchar.o
       188          6          8          0          0         92   _printf_wctomb.o
         6          0          0          0          0          0   _printf_x.o
        22          0          0          0          0        100   _rserrno.o
        10          0          0          0          0         68   _sputc.o
        64          0          0          0          0         92   _wcrtomb.o
        16          0          0          0          0         68   aeabi_memset.o
       228          4        148          0          0         96   bigflt0.o
      1936        128          0          0          0        672   btod.o
        18          0          0          0          0         80   exit.o
         8          0          0          0          0         68   ferror.o
         6          0          0          0          0        152   heapauxi.o
        44         10        272          0          0         76   lc_ctype_c.o
        44         10         28          0          0         76   lc_numeric_c.o
         2          0          0          0          0          0   libinit.o
        30          0          0          0          0          0   libinit2.o
         2          0          0          0          0          0   libshutdown.o
         2          0          0          0          0          0   libshutdown2.o
         8          4          0          0         96         68   libspace.o
       138          0          0          0          0         80   lludiv10.o
        88          0          0          0          0         76   memcmp.o
        16          4          0          0          0         76   rt_ctype_table.o
         8          4          0          0          0         68   rt_errno_addr_intlibspace.o
         8          4          0          0          0         68   rt_locale_intlibspace.o
        68          0          0          0          0         68   rt_memclr.o
        78          0          0          0          0         80   rt_memclr_w.o
         2          0          0          0          0          0   rtexit.o
        10          0          0          0          0          0   rtexit2.o
       128          0          0          0          0         68   strcmpv7m.o
        74          0          0          0          0         80   sys_stackheap_outer.o
        36          4          0          0          0         76   vsprintf.o
        98          4          0          0          0         92   d2f.o
       826         16          0          0          0        348   daddsub_clz.o
        16          4          0          0          0         68   dcheck1.o
        24          0          0          0          0         68   dcmpi.o
       688        140          0          0          0        208   ddiv.o
       120          4          0          0          0         92   deqf.o
       340         12          0          0          0        104   dmul.o
       156          4          0          0          0         92   dnaninf.o
        12          0          0          0          0         68   dretinf.o
       460         56          0          0          0        120   dsqrt_noumaal.o
        86          4          0          0          0         84   f2d.o
       430          8          0          0          0        168   faddsub_clz.o
       388         76          0          0          0         96   fdiv.o
        62          4          0          0          0         84   ffixu.o
        86          0          0          0          0        136   fflt_clz.o
       258          4          0          0          0         84   fmul.o
       140          4          0          0          0         84   fnaninf.o
        10          0          0          0          0         68   fretinf.o
         4          0          0          0          0         68   printf1.o
         4          0          0          0          0         68   printf2.o
       100          0          0          0          0         68   retnan.o
        92          0          0          0          0         68   scalbn.o
        48          0          0          0          0         68   trapv.o
         0          0          0          0          0          0   usenofp.o
       624         52         80          0          0        168   asin.o
       544         70        152          0          0        124   atan.o
       412         38          0          0          0        144   atan2.o
        38          6          0          0          0        272   dunder.o
        40          0          0          0          0         68   fpclassify.o
       170          0          0          0          0         96   poly.o
         0          0          8          0          0          0   qnan.o
        76          0          0          0          0         84   sqrt.o

    ----------------------------------------------------------------------
     13404        780        794          0        100       7808   Library Totals
        28          0          3          0          4          0   (incl. Padding)

    ----------------------------------------------------------------------

      Code (inc. data)   RO Data    RW Data    ZI Data      Debug   Library Name

      7024        274        551          0         96       4448   c_w.l
      4448        340          0          0          0       2404   fz_ws.l
      1904        166        240          0          0        956   m_ws.l

    ----------------------------------------------------------------------
     13404        780        794          0        100       7808   Library Totals

    ----------------------------------------------------------------------

==============================================================================


      Code (inc. data)   RO Data    RW Data    ZI Data      Debug   

     25758       1434       6666        100       3700     343273   Grand Totals
     25758       1434       6666        100       3700     343273   ELF Image Totals
     25758       1434       6666        100          0          0   ROM Totals

==============================================================================

    Total RO  Size (Code + RO Data)                32424 (  31.66kB)
    Total RW  Size (RW Data + ZI Data)              3800 (   3.71kB)
    Total ROM Size (Code + RO Data + RW Data)      32524 (  31.76kB)

==============================================================================

